 DmEnter

 Timestamp is 4d65d538 (Thu Feb 24 11:49:12 2011)

 Preferred load address is 0000000140000000

 Start         Length     Name                   Class
 0001:00000000 0002fd92H .text                   CODE
 0001:0002fda0 000000b0H .text$00                CODE
 0001:0002fe50 0000134fH .text$x                 CODE
 0001:000311a0 00000051H .text$yc                CODE
 0001:00031200 00000035H .text$yd                CODE
 0002:00000000 00000420H .idata$5                DATA
 0002:00000420 00000008H .CRT$XCA                DATA
 0002:00000428 00000010H .CRT$XCU                DATA
 0002:00000438 00000008H .CRT$XCZ                DATA
 0002:00000440 00000008H .CRT$XIA                DATA
 0002:00000448 00000018H .CRT$XIC                DATA
 0002:00000460 00000008H .CRT$XIY                DATA
 0002:00000468 00000008H .CRT$XIZ                DATA
 0002:00000470 00000008H .CRT$XPA                DATA
 0002:00000478 00000008H .CRT$XPX                DATA
 0002:00000480 00000008H .CRT$XPXA               DATA
 0002:00000488 00000008H .CRT$XPZ                DATA
 0002:00000490 00000008H .CRT$XTA                DATA
 0002:00000498 00000008H .CRT$XTZ                DATA
 0002:000004a0 00003618H .rdata                  DATA
 0002:00003ab8 00000060H .rdata$debug            DATA
 0002:00003b18 00000954H .rdata$r                DATA
 0002:00004470 00000008H .rtc$IAA                DATA
 0002:00004478 00000008H .rtc$IZZ                DATA
 0002:00004480 00000008H .rtc$TAA                DATA
 0002:00004488 00000008H .rtc$TZZ                DATA
 0002:00004490 00002a94H .xdata                  DATA
 0002:00006f28 000001dcH .xdata$x                DATA
 0002:00007104 00000064H .idata$2                DATA
 0002:00007168 00000014H .idata$3                DATA
 0002:00007180 00000420H .idata$4                DATA
 0002:000075a0 00000874H .idata$6                DATA
 0002:00007e20 00000277H .edata                  DATA
 0003:00000000 00001bb4H .data                   DATA
 0003:00001bc0 00003678H .bss                    DATA
 0004:00000000 00002d9cH .pdata                  DATA

  Address         Publics by Value              Rva+Base               Lib:Object

 0000:00000000       ___safe_se_handler_count   0000000000000000     <absolute>
 0000:00000000       ___safe_se_handler_table   0000000000000000     <absolute>
 0000:00000000       __ImageBase                0000000140000000     <linker-defined>
 0001:00000000       ?assign@?$char_traits@D@std@@SAXAEADAEBD@Z 0000000140001000 f i ChannelMaster.obj
 0001:00000020       ?length@?$char_traits@D@std@@SA_KPEBD@Z 0000000140001020 f i ChannelMaster.obj
 0001:00000040       ?_Copy_s@?$char_traits@D@std@@SAPEADPEAD_KPEBD1@Z 0000000140001040 f i ChannelMaster.obj
 0001:00000080       ?_Move_s@?$char_traits@D@std@@SAPEADPEAD_KPEBD1@Z 0000000140001080 f i ChannelMaster.obj
 0001:000000c0       ??0_Aux_cont@std@@QEAA@QEBV_Container_base_aux@1@@Z 00000001400010c0 f i ChannelMaster.obj
 0001:000000e0       ?_Getcont@_Aux_cont@std@@QEBAPEBV_Container_base_aux@2@XZ 00000001400010e0 f i ChannelMaster.obj
 0001:000000f0       ??0_Iterator_base_aux@std@@QEAA@XZ 00000001400010f0 f i ChannelMaster.obj
 0001:00000110       ?_Set_container@_Iterator_base_aux@std@@QEAAXQEBV_Container_base_aux@2@@Z 0000000140001110 f i ChannelMaster.obj
 0001:00000130       ?_Getmycont@_Iterator_base_aux@std@@QEBAPEBV_Container_base_aux@2@XZ 0000000140001130 f i ChannelMaster.obj
 0001:00000170       ?_Same_container@_Iterator_base_aux@std@@QEBA_NAEBV12@@Z 0000000140001170 f i ChannelMaster.obj
 0001:000001b0       ?_Has_container@_Iterator_base_aux@std@@QEBA_NXZ 00000001400011b0 f i ChannelMaster.obj
 0001:000001e0       ??0bad_alloc@std@@QEAA@PEBD@Z 00000001400011e0 f i ChannelMaster.obj
 0001:00000220       ??1bad_alloc@std@@UEAA@XZ  0000000140001220 f i ChannelMaster.obj
 0001:00000250       ??_Gbad_alloc@std@@UEAAPEAXI@Z 0000000140001250 f i ChannelMaster.obj
 0001:00000250       ??_Ebad_alloc@std@@UEAAPEAXI@Z 0000000140001250 f i  CIL library: CIL module
 0001:00000290       ??2@YAPEAX_KPEAX@Z         0000000140001290 f i ChannelMaster.obj
 0001:000002a0       ??0logic_error@std@@QEAA@AEBV?$basic_string@DU?$char_traits@D@std@@V?$allocator@D@2@@1@@Z 00000001400012a0 f i ChannelMaster.obj
 0001:000002f0       ??1logic_error@std@@UEAA@XZ 00000001400012f0 f i ChannelMaster.obj
 0001:00000330       ?what@logic_error@std@@UEBAPEBDXZ 0000000140001330 f i ChannelMaster.obj
 0001:00000350       ??_Glogic_error@std@@UEAAPEAXI@Z 0000000140001350 f i ChannelMaster.obj
 0001:00000350       ??_Elogic_error@std@@UEAAPEAXI@Z 0000000140001350 f i  CIL library: CIL module
 0001:00000390       ??0length_error@std@@QEAA@AEBV?$basic_string@DU?$char_traits@D@std@@V?$allocator@D@2@@1@@Z 0000000140001390 f i ChannelMaster.obj
 0001:000003d0       ??1length_error@std@@UEAA@XZ 00000001400013d0 f i ChannelMaster.obj
 0001:00000400       ??_Glength_error@std@@UEAAPEAXI@Z 0000000140001400 f i ChannelMaster.obj
 0001:00000400       ??_Elength_error@std@@UEAAPEAXI@Z 0000000140001400 f i  CIL library: CIL module
 0001:00000440       ??0Channel@@QEAA@XZ        0000000140001440 f i ChannelMaster.obj
 0001:00000460       ??1Channel@@QEAA@XZ        0000000140001460 f i ChannelMaster.obj
 0001:00000480       ??0?$basic_string@DU?$char_traits@D@std@@V?$allocator@D@2@@std@@QEAA@AEBV01@@Z 0000000140001480 f i ChannelMaster.obj
 0001:000004d0       ??1?$basic_string@DU?$char_traits@D@std@@V?$allocator@D@2@@std@@QEAA@XZ 00000001400014d0 f i ChannelMaster.obj
 0001:000004f0       ?c_str@?$basic_string@DU?$char_traits@D@std@@V?$allocator@D@2@@std@@QEBAPEBDXZ 00000001400014f0 f i ChannelMaster.obj
 0001:00000510       ??0?$vector@UTalkID@@V?$allocator@UTalkID@@@std@@@std@@QEAA@XZ 0000000140001510 f i ChannelMaster.obj
 0001:00000550       ??1?$vector@UTalkID@@V?$allocator@UTalkID@@@std@@@std@@QEAA@XZ 0000000140001550 f i ChannelMaster.obj
 0001:00000580       ?begin@?$vector@UChannel@@V?$allocator@UChannel@@@std@@@std@@QEAA?AV?$_Vector_iterator@UChannel@@V?$allocator@UChannel@@@std@@@2@XZ 0000000140001580 f i ChannelMaster.obj
 0001:00000580       ?begin@?$vector@UTalkID@@V?$allocator@UTalkID@@@std@@@std@@QEAA?AV?$_Vector_iterator@UTalkID@@V?$allocator@UTalkID@@@std@@@2@XZ 0000000140001580 f i ChannelMaster.obj
 0001:000005b0       ?size@?$vector@UTalkID@@V?$allocator@UTalkID@@@std@@@std@@QEBA_KXZ 00000001400015b0 f i ChannelMaster.obj
 0001:000005d0       ??A?$vector@UTalkID@@V?$allocator@UTalkID@@@std@@@std@@QEAAAEAUTalkID@@_K@Z 00000001400015d0 f i ChannelMaster.obj
 0001:00000610       ?push_back@?$vector@UTalkID@@V?$allocator@UTalkID@@@std@@@std@@QEAAXAEBUTalkID@@@Z 0000000140001610 f i ChannelMaster.obj
 0001:000006f0       ?erase@?$vector@UTalkID@@V?$allocator@UTalkID@@@std@@@std@@QEAA?AV?$_Vector_iterator@UTalkID@@V?$allocator@UTalkID@@@std@@@2@V?$_Vector_const_iterator@UTalkID@@V?$allocator@UTalkID@@@std@@@2@@Z 00000001400016f0 f i ChannelMaster.obj
 0001:00000790       ?clear@?$vector@UTalkID@@V?$allocator@UTalkID@@@std@@@std@@QEAAXXZ 0000000140001790 f i ChannelMaster.obj
 0001:00000860       ??0?$vector@UChannel@@V?$allocator@UChannel@@@std@@@std@@QEAA@XZ 0000000140001860 f i ChannelMaster.obj
 0001:000008a0       ??1?$vector@UChannel@@V?$allocator@UChannel@@@std@@@std@@QEAA@XZ 00000001400018a0 f i ChannelMaster.obj
 0001:000008d0       ?size@?$vector@UChannel@@V?$allocator@UChannel@@@std@@@std@@QEBA_KXZ 00000001400018d0 f i ChannelMaster.obj
 0001:00000900       ??A?$vector@UChannel@@V?$allocator@UChannel@@@std@@@std@@QEAAAEAUChannel@@_K@Z 0000000140001900 f i ChannelMaster.obj
 0001:00000940       ?push_back@?$vector@UChannel@@V?$allocator@UChannel@@@std@@@std@@QEAAXAEBUChannel@@@Z 0000000140001940 f i ChannelMaster.obj
 0001:00000a20       ?clear@?$vector@UChannel@@V?$allocator@UChannel@@@std@@@std@@QEAAXXZ 0000000140001a20 f i ChannelMaster.obj
 0001:00000af0       ??H?$_Vector_iterator@UTalkID@@V?$allocator@UTalkID@@@std@@@std@@QEBA?AV01@_J@Z 0000000140001af0 f i ChannelMaster.obj
 0001:00000b70       ?assign@?$basic_string@DU?$char_traits@D@std@@V?$allocator@D@2@@std@@QEAAAEAV12@AEBV12@_K1@Z 0000000140001b70 f i ChannelMaster.obj
 0001:00000c70       ?_Tidy@?$basic_string@DU?$char_traits@D@std@@V?$allocator@D@2@@std@@IEAAX_N_K@Z 0000000140001c70 f i ChannelMaster.obj
 0001:00000d10       ?_Myptr@?$basic_string@DU?$char_traits@D@std@@V?$allocator@D@2@@std@@IEBAPEBDXZ 0000000140001d10 f i ChannelMaster.obj
 0001:00000d10       ?_Myptr@?$basic_string@DU?$char_traits@D@std@@V?$allocator@D@2@@std@@IEAAPEADXZ 0000000140001d10 f i ChannelMaster.obj
 0001:00000d50       ??0?$_String_val@DV?$allocator@D@std@@@std@@IEAA@V?$allocator@D@1@@Z 0000000140001d50 f i ChannelMaster.obj
 0001:00000d50       ??0?$_String_val@DV?$allocator@D@std@@@std@@QEAA@AEBV01@@Z 0000000140001d50 f i ChannelMaster.obj
 0001:00000d80       ?capacity@?$vector@UTalkID@@V?$allocator@UTalkID@@@std@@@std@@QEBA_KXZ 0000000140001d80 f i ChannelMaster.obj
 0001:00000dd0       ?end@?$vector@UChannel@@V?$allocator@UChannel@@@std@@@std@@QEAA?AV?$_Vector_iterator@UChannel@@V?$allocator@UChannel@@@std@@@2@XZ 0000000140001dd0 f i ChannelMaster.obj
 0001:00000dd0       ?end@?$vector@UTalkID@@V?$allocator@UTalkID@@@std@@@std@@QEAA?AV?$_Vector_iterator@UTalkID@@V?$allocator@UTalkID@@@std@@@2@XZ 0000000140001dd0 f i ChannelMaster.obj
 0001:00000e00       ?insert@?$vector@UTalkID@@V?$allocator@UTalkID@@@std@@@std@@QEAA?AV?$_Vector_iterator@UTalkID@@V?$allocator@UTalkID@@@std@@@2@V?$_Vector_const_iterator@UTalkID@@V?$allocator@UTalkID@@@std@@@2@AEBUTalkID@@@Z 0000000140001e00 f i ChannelMaster.obj
 0001:00000ee0       ?erase@?$vector@UTalkID@@V?$allocator@UTalkID@@@std@@@std@@QEAA?AV?$_Vector_iterator@UTalkID@@V?$allocator@UTalkID@@@std@@@2@V?$_Vector_const_iterator@UTalkID@@V?$allocator@UTalkID@@@std@@@2@0@Z 0000000140001ee0 f i ChannelMaster.obj
 0001:00000fe0       ?_Buy@?$vector@UTalkID@@V?$allocator@UTalkID@@@std@@@std@@IEAA_N_K@Z 0000000140001fe0 f i ChannelMaster.obj
 0001:00001090       ?_Destroy@?$vector@UTalkID@@V?$allocator@UTalkID@@@std@@@std@@IEAAXPEAUTalkID@@0@Z 0000000140002090 f i ChannelMaster.obj
 0001:000010c0       ?_Tidy@?$vector@UTalkID@@V?$allocator@UTalkID@@@std@@@std@@IEAAXXZ 00000001400020c0 f i ChannelMaster.obj
 0001:00001150       ?_Ufill@?$vector@UTalkID@@V?$allocator@UTalkID@@@std@@@std@@IEAAPEAUTalkID@@PEAU3@_KAEBU3@@Z 0000000140002150 f i ChannelMaster.obj
 0001:000011a0       ??1?$_Container_base_aux_alloc_real@V?$allocator@UTalkID@@@std@@@std@@IEAA@XZ 00000001400021a0 f i ChannelMaster.obj
 0001:000011a0       ??1?$_Container_base_aux_alloc_real@V?$allocator@UChannel@@@std@@@std@@IEAA@XZ 00000001400021a0 f i ChannelMaster.obj
 0001:000011a0       ??1?$_Container_base_aux_alloc_real@V?$allocator@U?$pair@$$CBV?$basic_string@DU?$char_traits@D@std@@V?$allocator@D@2@@std@@UTalkID@@@std@@@std@@@std@@IEAA@XZ 00000001400021a0 f i ClientMaster.obj
 0001:000011a0       ??1?$_Container_base_aux_alloc_real@V?$allocator@PEAVSendMsg@@@std@@@std@@IEAA@XZ 00000001400021a0 f i SendToAllMsgList.obj
 0001:000011e0       ?capacity@?$vector@UChannel@@V?$allocator@UChannel@@@std@@@std@@QEBA_KXZ 00000001400021e0 f i ChannelMaster.obj
 0001:00001230       ?insert@?$vector@UChannel@@V?$allocator@UChannel@@@std@@@std@@QEAA?AV?$_Vector_iterator@UChannel@@V?$allocator@UChannel@@@std@@@2@V?$_Vector_const_iterator@UChannel@@V?$allocator@UChannel@@@std@@@2@AEBUChannel@@@Z 0000000140002230 f i ChannelMaster.obj
 0001:00001310       ?erase@?$vector@UChannel@@V?$allocator@UChannel@@@std@@@std@@QEAA?AV?$_Vector_iterator@UChannel@@V?$allocator@UChannel@@@std@@@2@V?$_Vector_const_iterator@UChannel@@V?$allocator@UChannel@@@std@@@2@0@Z 0000000140002310 f i ChannelMaster.obj
 0001:00001410       ?_Buy@?$vector@UChannel@@V?$allocator@UChannel@@@std@@@std@@IEAA_N_K@Z 0000000140002410 f i ChannelMaster.obj
 0001:000014c0       ?_Tidy@?$vector@UChannel@@V?$allocator@UChannel@@@std@@@std@@IEAAXXZ 00000001400024c0 f i ChannelMaster.obj
 0001:00001560       ?_Ufill@?$vector@UChannel@@V?$allocator@UChannel@@@std@@@std@@IEAAPEAUChannel@@PEAU3@_KAEBU3@@Z 0000000140002560 f i ChannelMaster.obj
 0001:000015b0       ??0?$_Vector_val@UChannel@@V?$allocator@UChannel@@@std@@@std@@IEAA@V?$allocator@UChannel@@@1@@Z 00000001400025b0 f i ChannelMaster.obj
 0001:000015b0       ??0?$_List_nod@UTalkID@@V?$allocator@UTalkID@@@std@@@std@@IEAA@V?$allocator@UTalkID@@@1@@Z 00000001400025b0 f i SendToAllThread.obj
 0001:000015b0       ??0?$_Vector_val@UTalkID@@V?$allocator@UTalkID@@@std@@@std@@IEAA@V?$allocator@UTalkID@@@1@@Z 00000001400025b0 f i ChannelMaster.obj
 0001:000015b0       ??0?$_List_nod@PEAVSendMsg@@V?$allocator@PEAVSendMsg@@@std@@@std@@IEAA@V?$allocator@PEAVSendMsg@@@1@@Z 00000001400025b0 f i SendToAllMsgList.obj
 0001:00001610       ??0?$_Vector_iterator@UChannel@@V?$allocator@UChannel@@@std@@@std@@QEAA@PEAUChannel@@PEBV_Container_base_aux@1@@Z 0000000140002610 f i ChannelMaster.obj
 0001:00001610       ??0?$_Vector_iterator@UTalkID@@V?$allocator@UTalkID@@@std@@@std@@QEAA@PEAUTalkID@@PEBV_Container_base_aux@1@@Z 0000000140002610 f i ChannelMaster.obj
 0001:00001650       ??Y?$_Vector_iterator@UTalkID@@V?$allocator@UTalkID@@@std@@@std@@QEAAAEAV01@_J@Z 0000000140002650 f i ChannelMaster.obj
 0001:00001680       ?erase@?$basic_string@DU?$char_traits@D@std@@V?$allocator@D@2@@std@@QEAAAEAV12@_K0@Z 0000000140002680 f i ChannelMaster.obj
 0001:00001780       ?_Eos@?$basic_string@DU?$char_traits@D@std@@V?$allocator@D@2@@std@@IEAAX_K@Z 0000000140002780 f i ChannelMaster.obj
 0001:000017d0       ?_Grow@?$basic_string@DU?$char_traits@D@std@@V?$allocator@D@2@@std@@IEAA_N_K_N@Z 00000001400027d0 f i ChannelMaster.obj
 0001:000018b0       ?max_size@?$vector@UTalkID@@V?$allocator@UTalkID@@@std@@@std@@QEBA_KXZ 00000001400028b0 f i ChannelMaster.obj
 0001:000018d0       ?_Insert_n@?$vector@UTalkID@@V?$allocator@UTalkID@@@std@@@std@@IEAAXV?$_Vector_const_iterator@UTalkID@@V?$allocator@UTalkID@@@std@@@2@_KAEBUTalkID@@@Z 00000001400028d0 f i ChannelMaster.obj
 0001:00001ce0       ?deallocate@?$allocator@UTalkID@@@std@@QEAAXPEAUTalkID@@_K@Z 0000000140002ce0 f i ChannelMaster.obj
 0001:00001ce0       ?deallocate@?$allocator@UChannel@@@std@@QEAAXPEAUChannel@@_K@Z 0000000140002ce0 f i ChannelMaster.obj
 0001:00001ce0       ?deallocate@?$allocator@V_Aux_cont@std@@@std@@QEAAXPEAV_Aux_cont@2@_K@Z 0000000140002ce0 f i ChannelMaster.obj
 0001:00001ce0       ?deallocate@?$allocator@U_Node@?$_List_nod@UTalkID@@V?$allocator@UTalkID@@@std@@@std@@@std@@QEAAXPEAU_Node@?$_List_nod@UTalkID@@V?$allocator@UTalkID@@@std@@@2@_K@Z 0000000140002ce0 f i SendToAllThread.obj
 0001:00001ce0       ?deallocate@?$allocator@D@std@@QEAAXPEAD_K@Z 0000000140002ce0 f i ChannelMaster.obj
 0001:00001ce0       ?deallocate@?$allocator@U_Node@?$_Tree_nod@V?$_Tmap_traits@V?$basic_string@DU?$char_traits@D@std@@V?$allocator@D@2@@std@@UTalkID@@U?$less@V?$basic_string@DU?$char_traits@D@std@@V?$allocator@D@2@@std@@@2@V?$allocator@U?$pair@$$CBV?$basic_string@DU?$char_traits@D@std@@V?$allocator@D@2@@std@@UTalkID@@@std@@@2@$0A@@std@@@std@@@std@@QEAAXPEAU_Node@?$_Tree_nod@V?$_Tmap_traits@V?$basic_string@DU?$char_traits@D@std@@V?$allocator@D@2@@std@@UTalkID@@U?$less@V?$basic_string@DU?$char_traits@D@std@@V?$allocator@D@2@@std@@@2@V?$allocator@U?$pair@$$CBV?$basic_string@DU?$char_traits@D@std@@V?$allocator@D@2@@std@@UTalkID@@@std@@@2@$0A@@std@@@2@_K@Z 0000000140002ce0 f i ClientMaster.obj
 0001:00001ce0       ?deallocate@?$allocator@U_Node@?$_List_nod@PEAVSendMsg@@V?$allocator@PEAVSendMsg@@@std@@@std@@@std@@QEAAXPEAU_Node@?$_List_nod@PEAVSendMsg@@V?$allocator@PEAVSendMsg@@@std@@@2@_K@Z 0000000140002ce0 f i SendToAllMsgList.obj
 0001:00001d10       ?allocate@?$allocator@V_Aux_cont@std@@@std@@QEAAPEAV_Aux_cont@2@_K@Z 0000000140002d10 f i ChannelMaster.obj
 0001:00001d10       ?allocate@?$allocator@UTalkID@@@std@@QEAAPEAUTalkID@@_K@Z 0000000140002d10 f i ChannelMaster.obj
 0001:00001d30       ?_Make_iter@?$vector@UChannel@@V?$allocator@UChannel@@@std@@@std@@QEBA?AV?$_Vector_iterator@UChannel@@V?$allocator@UChannel@@@std@@@2@V?$_Vector_const_iterator@UChannel@@V?$allocator@UChannel@@@std@@@2@@Z 0000000140002d30 f i ChannelMaster.obj
 0001:00001d30       ?_Make_iter@?$vector@UTalkID@@V?$allocator@UTalkID@@@std@@@std@@QEBA?AV?$_Vector_iterator@UTalkID@@V?$allocator@UTalkID@@@std@@@2@V?$_Vector_const_iterator@UTalkID@@V?$allocator@UTalkID@@@std@@@2@@Z 0000000140002d30 f i ChannelMaster.obj
 0001:00001d70       ?max_size@?$vector@UChannel@@V?$allocator@UChannel@@@std@@@std@@QEBA_KXZ 0000000140002d70 f i ChannelMaster.obj
 0001:00001d90       ?_Destroy@?$vector@UChannel@@V?$allocator@UChannel@@@std@@@std@@IEAAXPEAUChannel@@0@Z 0000000140002d90 f i ChannelMaster.obj
 0001:00001dc0       ?_Insert_n@?$vector@UChannel@@V?$allocator@UChannel@@@std@@@std@@IEAAXV?$_Vector_const_iterator@UChannel@@V?$allocator@UChannel@@@std@@@2@_KAEBUChannel@@@Z 0000000140002dc0 f i ChannelMaster.obj
 0001:000022a0       ?_Xlen@?$vector@UChannel@@V?$allocator@UChannel@@@std@@@std@@KAXXZ 00000001400032a0 f i ChannelMaster.obj
 0001:000022a0       ?_Xlen@?$vector@UTalkID@@V?$allocator@UTalkID@@@std@@@std@@KAXXZ 00000001400032a0 f i ChannelMaster.obj
 0001:000022f0       ?allocate@?$allocator@UChannel@@@std@@QEAAPEAUChannel@@_K@Z 00000001400032f0 f i ChannelMaster.obj
 0001:00002310       ??0?$_Vector_const_iterator@UTalkID@@V?$allocator@UTalkID@@@std@@@std@@QEAA@PEAUTalkID@@PEBV_Container_base_aux@1@@Z 0000000140003310 f i ChannelMaster.obj
 0001:00002310       ??0?$_Vector_const_iterator@UChannel@@V?$allocator@UChannel@@@std@@@std@@QEAA@PEAUChannel@@PEBV_Container_base_aux@1@@Z 0000000140003310 f i ChannelMaster.obj
 0001:00002390       ??Y?$_Vector_const_iterator@UTalkID@@V?$allocator@UTalkID@@@std@@@std@@QEAAAEAV01@_J@Z 0000000140003390 f i ChannelMaster.obj
 0001:00002430       ??G?$_Vector_const_iterator@UTalkID@@V?$allocator@UTalkID@@@std@@@std@@QEBA_JAEBV01@@Z 0000000140003430 f i ChannelMaster.obj
 0001:00002490       ??9?$_Vector_const_iterator@UChannel@@V?$allocator@UChannel@@@std@@@std@@QEBA_NAEBV01@@Z 0000000140003490 f i ChannelMaster.obj
 0001:00002490       ??9?$_Vector_const_iterator@UTalkID@@V?$allocator@UTalkID@@@std@@@std@@QEBA_NAEBV01@@Z 0000000140003490 f i ChannelMaster.obj
 0001:000024d0       ??H?$_Vector_iterator@UChannel@@V?$allocator@UChannel@@@std@@@std@@QEBA?AV01@_J@Z 00000001400034d0 f i ChannelMaster.obj
 0001:00002550       ??G?$_Vector_const_iterator@UChannel@@V?$allocator@UChannel@@@std@@@std@@QEBA_JAEBV01@@Z 0000000140003550 f i ChannelMaster.obj
 0001:000025b0       ??0length_error@std@@QEAA@AEBV01@@Z 00000001400035b0 f i ChannelMaster.obj
 0001:000025f0       ??0logic_error@std@@QEAA@AEBV01@@Z 00000001400035f0 f i ChannelMaster.obj
 0001:00002640       ??0Channel@@QEAA@AEBU0@@Z  0000000140003640 f i ChannelMaster.obj
 0001:00002670       ??0?$basic_string@DU?$char_traits@D@std@@V?$allocator@D@2@@std@@QEAA@PEBD@Z 0000000140003670 f i ChannelMaster.obj
 0001:000026d0       ?max_size@?$basic_string@DU?$char_traits@D@std@@V?$allocator@D@2@@std@@QEBA_KXZ 00000001400036d0 f i ChannelMaster.obj
 0001:00002720       ?_Copy@?$basic_string@DU?$char_traits@D@std@@V?$allocator@D@2@@std@@IEAAX_K0@Z 0000000140003720 f i ChannelMaster.obj
 0001:00002870       ??0?$vector@UTalkID@@V?$allocator@UTalkID@@@std@@@std@@QEAA@AEBV01@@Z 0000000140003870 f i ChannelMaster.obj
 0001:00002970       ?max_size@?$allocator@UTalkID@@@std@@QEBA_KXZ 0000000140003970 f i ChannelMaster.obj
 0001:00002970       ?max_size@?$allocator@PEAVSendMsg@@@std@@QEBA_KXZ 0000000140003970 f i SendToAllMsgList.obj
 0001:000029b0       ??8?$_Vector_const_iterator@UTalkID@@V?$allocator@UTalkID@@@std@@@std@@QEBA_NAEBV01@@Z 00000001400039b0 f i ChannelMaster.obj
 0001:000029b0       ??8?$_Vector_const_iterator@UChannel@@V?$allocator@UChannel@@@std@@@std@@QEBA_NAEBV01@@Z 00000001400039b0 f i ChannelMaster.obj
 0001:00002a20       ??Y?$_Vector_iterator@UChannel@@V?$allocator@UChannel@@@std@@@std@@QEAAAEAV01@_J@Z 0000000140003a20 f i ChannelMaster.obj
 0001:00002a50       ??0?$_Iterator_with_base@Urandom_access_iterator_tag@std@@UTalkID@@_JPEBU3@AEBU3@V_Iterator_base_aux@2@@std@@QEAA@XZ 0000000140003a50 f i ChannelMaster.obj
 0001:00002a50       ??0?$_Iterator_with_base@Ubidirectional_iterator_tag@std@@UTalkID@@_JPEBU3@AEBU3@V_Iterator_base_aux@2@@std@@QEAA@XZ 0000000140003a50 f i SendToAllThread.obj
 0001:00002a50       ??0?$_Iterator_with_base@Ubidirectional_iterator_tag@std@@PEAVSendMsg@@_JPEBQEAV3@AEBQEAV3@V_Iterator_base_aux@2@@std@@QEAA@XZ 0000000140003a50 f i SendToAllMsgList.obj
 0001:00002a50       ??0?$_Iterator_with_base@Urandom_access_iterator_tag@std@@UChannel@@_JPEBU3@AEBU3@V_Iterator_base_aux@2@@std@@QEAA@XZ 0000000140003a50 f i ChannelMaster.obj
 0001:00002a50       ??0?$_Iterator_with_base@Ubidirectional_iterator_tag@std@@U?$pair@$$CBV?$basic_string@DU?$char_traits@D@std@@V?$allocator@D@2@@std@@UTalkID@@@2@_JPEBU32@AEBU32@V_Iterator_base_aux@2@@std@@QEAA@XZ 0000000140003a50 f i ClientMaster.obj
 0001:00002a70       ?assign@?$basic_string@DU?$char_traits@D@std@@V?$allocator@D@2@@std@@QEAAAEAV12@PEBD@Z 0000000140003a70 f i ChannelMaster.obj
 0001:00002aa0       ?allocate@?$allocator@D@std@@QEAAPEAD_K@Z 0000000140003aa0 f i ChannelMaster.obj
 0001:00002ac0       ?max_size@?$allocator@D@std@@QEBA_KXZ 0000000140003ac0 f i ChannelMaster.obj
 0001:00002b00       ?begin@?$vector@UTalkID@@V?$allocator@UTalkID@@@std@@@std@@QEBA?AV?$_Vector_const_iterator@UTalkID@@V?$allocator@UTalkID@@@std@@@2@XZ 0000000140003b00 f i ChannelMaster.obj
 0001:00002b30       ?end@?$vector@UTalkID@@V?$allocator@UTalkID@@@std@@@std@@QEBA?AV?$_Vector_const_iterator@UTalkID@@V?$allocator@UTalkID@@@std@@@2@XZ 0000000140003b30 f i ChannelMaster.obj
 0001:00002b60       ??Y?$_Vector_const_iterator@UChannel@@V?$allocator@UChannel@@@std@@@std@@QEAAAEAV01@_J@Z 0000000140003b60 f i ChannelMaster.obj
 0001:00002c00       ?assign@?$basic_string@DU?$char_traits@D@std@@V?$allocator@D@2@@std@@QEAAAEAV12@PEBD_K@Z 0000000140003c00 f i ChannelMaster.obj
 0001:00002cb0       ?_Inside@?$basic_string@DU?$char_traits@D@std@@V?$allocator@D@2@@std@@IEAA_NPEBD@Z 0000000140003cb0 f i ChannelMaster.obj
 0001:00002d00       ??$unchecked_copy@PEAUTalkID@@PEAU1@@stdext@@YAPEAUTalkID@@PEAU1@00@Z 0000000140003d00 f i ChannelMaster.obj
 0001:00002da0       ??$copy_s@U?$char_traits@D@std@@@_Traits_helper@std@@YAPEADPEAD_KPEBD1@Z 0000000140003da0 f i ChannelMaster.obj
 0001:00002df0       ??$_Destroy_range@V?$allocator@UTalkID@@@std@@@std@@YAXPEAUTalkID@@0AEAV?$allocator@UTalkID@@@0@@Z 0000000140003df0 f i ChannelMaster.obj
 0001:00002e40       ??$unchecked_uninitialized_fill_n@PEAUTalkID@@_KU1@V?$allocator@UTalkID@@@std@@@stdext@@YAXPEAUTalkID@@_KAEBU1@AEAV?$allocator@UTalkID@@@std@@@Z 0000000140003e40 f i ChannelMaster.obj
 0001:00002eb0       ??$unchecked_copy@PEAUChannel@@PEAU1@@stdext@@YAPEAUChannel@@PEAU1@00@Z 0000000140003eb0 f i ChannelMaster.obj
 0001:00002f50       ??$unchecked_uninitialized_fill_n@PEAUChannel@@_KU1@V?$allocator@UChannel@@@std@@@stdext@@YAXPEAUChannel@@_KAEBU1@AEAV?$allocator@UChannel@@@std@@@Z 0000000140003f50 f i ChannelMaster.obj
 0001:00002fc0       ??$move_s@U?$char_traits@D@std@@@_Traits_helper@std@@YAPEADPEAD_KPEBD1@Z 0000000140003fc0 f i ChannelMaster.obj
 0001:00003010       ??$_Umove@PEAUTalkID@@@?$vector@UTalkID@@V?$allocator@UTalkID@@@std@@@std@@IEAAPEAUTalkID@@PEAU2@00@Z 0000000140004010 f i ChannelMaster.obj
 0001:00003050       ??$fill@PEAUTalkID@@U1@@std@@YAXPEAUTalkID@@0AEBU1@@Z 0000000140004050 f i ChannelMaster.obj
 0001:000030a0       ??$_Unchecked_move_backward@PEAUTalkID@@PEAU1@@stdext@@YAPEAUTalkID@@PEAU1@00@Z 00000001400040a0 f i ChannelMaster.obj
 0001:00003130       ??$_Allocate@UTalkID@@@std@@YAPEAUTalkID@@_KPEAU1@@Z 0000000140004130 f i ChannelMaster.obj
 0001:00003130       ??$_Allocate@V_Aux_cont@std@@@std@@YAPEAV_Aux_cont@0@_KPEAV10@@Z 0000000140004130 f i ChannelMaster.obj
 0001:000031a0       ??$_Destroy_range@V?$allocator@UChannel@@@std@@@std@@YAXPEAUChannel@@0AEAV?$allocator@UChannel@@@0@@Z 00000001400041a0 f i ChannelMaster.obj
 0001:000031f0       ??$_Umove@PEAUChannel@@@?$vector@UChannel@@V?$allocator@UChannel@@@std@@@std@@IEAAPEAUChannel@@PEAU2@00@Z 00000001400041f0 f i ChannelMaster.obj
 0001:00003230       ??$fill@PEAUChannel@@U1@@std@@YAXPEAUChannel@@0AEBU1@@Z 0000000140004230 f i ChannelMaster.obj
 0001:00003280       ??$_Unchecked_move_backward@PEAUChannel@@PEAU1@@stdext@@YAPEAUChannel@@PEAU1@00@Z 0000000140004280 f i ChannelMaster.obj
 0001:00003310       ??$_Allocate@UChannel@@@std@@YAPEAUChannel@@_KPEAU1@@Z 0000000140004310 f i ChannelMaster.obj
 0001:00003380       ??$_Ucopy@V?$_Vector_const_iterator@UTalkID@@V?$allocator@UTalkID@@@std@@@std@@@?$vector@UTalkID@@V?$allocator@UTalkID@@@std@@@std@@IEAAPEAUTalkID@@V?$_Vector_const_iterator@UTalkID@@V?$allocator@UTalkID@@@std@@@1@0PEAU2@@Z 0000000140004380 f i ChannelMaster.obj
 0001:000033e0       ??$_Allocate@D@std@@YAPEAD_KPEAD@Z 00000001400043e0 f i ChannelMaster.obj
 0001:00003450       ??0bad_alloc@std@@QEAA@AEBV01@@Z 0000000140004450 f i ChannelMaster.obj
 0001:00003490       ??$_Checked_base@PEAUTalkID@@@std@@YAPEAUTalkID@@AEAPEAU1@@Z 0000000140004490 f i ChannelMaster.obj
 0001:00003490       ??$_Checked_base@PEAUChannel@@@std@@YAPEAUChannel@@AEAPEAU1@@Z 0000000140004490 f i ChannelMaster.obj
 0001:000034b0       ??$_Iter_random@PEAUTalkID@@PEAU1@@std@@YA?AUrandom_access_iterator_tag@0@AEBQEAUTalkID@@0@Z 00000001400044b0 f i ChannelMaster.obj
 0001:000034b0       ??$_Iter_random@PEAUChannel@@PEAU1@@std@@YA?AUrandom_access_iterator_tag@0@AEBQEAUChannel@@0@Z 00000001400044b0 f i ChannelMaster.obj
 0001:000034d0       ??$_Copy_opt@PEAUTalkID@@PEAU1@@std@@YAPEAUTalkID@@PEAU1@00Urandom_access_iterator_tag@0@U_Nonscalar_ptr_iterator_tag@0@U_Range_checked_iterator_tag@0@@Z 00000001400044d0 f i ChannelMaster.obj
 0001:00003570       ??$_Char_traits_cat@U?$char_traits@D@std@@@std@@YA?AU_Secure_char_traits_tag@0@XZ 0000000140004570 f i ChannelMaster.obj
 0001:00003580       ??$copy_s@U?$char_traits@D@std@@@_Traits_helper@std@@YAPEADPEAD_KPEBD1U_Secure_char_traits_tag@1@@Z 0000000140004580 f i ChannelMaster.obj
 0001:000035c0       ??$_Destroy_range@V?$allocator@UTalkID@@@std@@@std@@YAXPEAUTalkID@@0AEAV?$allocator@UTalkID@@@0@U_Nonscalar_ptr_iterator_tag@0@@Z 00000001400045c0 f i ChannelMaster.obj
 0001:00003610       ??$_Uninit_fill_n@PEAUTalkID@@_KU1@V?$allocator@UTalkID@@@std@@@std@@YAXPEAUTalkID@@_KAEBU1@AEAV?$allocator@UTalkID@@@0@U_Nonscalar_ptr_iterator_tag@0@U_Range_checked_iterator_tag@0@@Z 0000000140004610 f i ChannelMaster.obj
 0001:00003680       ??$_Copy_opt@PEAUChannel@@PEAU1@@std@@YAPEAUChannel@@PEAU1@00Urandom_access_iterator_tag@0@U_Nonscalar_ptr_iterator_tag@0@U_Range_checked_iterator_tag@0@@Z 0000000140004680 f i ChannelMaster.obj
 0001:00003720       ??$_Uninit_fill_n@PEAUChannel@@_KU1@V?$allocator@UChannel@@@std@@@std@@YAXPEAUChannel@@_KAEBU1@AEAV?$allocator@UChannel@@@0@U_Nonscalar_ptr_iterator_tag@0@U_Range_checked_iterator_tag@0@@Z 0000000140004720 f i ChannelMaster.obj
 0001:00003790       ??$move_s@U?$char_traits@D@std@@@_Traits_helper@std@@YAPEADPEAD_KPEBD1U_Secure_char_traits_tag@1@@Z 0000000140004790 f i ChannelMaster.obj
 0001:000037d0       ??$_Unchecked_uninitialized_move@PEAUTalkID@@PEAU1@V?$allocator@UTalkID@@@std@@@stdext@@YAPEAUTalkID@@PEAU1@00AEAV?$allocator@UTalkID@@@std@@@Z 00000001400047d0 f i ChannelMaster.obj
 0001:00003850       ??$_Fill@PEAUTalkID@@U1@@std@@YAXPEAUTalkID@@0AEBU1@@Z 0000000140004850 f i ChannelMaster.obj
 0001:00003890       ??$_Move_cat@PEAUChannel@@@std@@YA?AU_Undefined_move_tag@0@AEBQEAUChannel@@@Z 0000000140004890 f i ChannelMaster.obj
 0001:00003890       ??$_Move_cat@PEAUTalkID@@@std@@YA?AU_Undefined_move_tag@0@AEBQEAUTalkID@@@Z 0000000140004890 f i ChannelMaster.obj
 0001:000038b0       ??$_Move_backward_opt@PEAUTalkID@@PEAU1@Urandom_access_iterator_tag@std@@U_Undefined_move_tag@3@@std@@YAPEAUTalkID@@PEAU1@00Urandom_access_iterator_tag@0@U_Undefined_move_tag@0@U_Range_checked_iterator_tag@0@@Z 00000001400048b0 f i ChannelMaster.obj
 0001:00003920       ??$_Destroy_range@V?$allocator@UChannel@@@std@@@std@@YAXPEAUChannel@@0AEAV?$allocator@UChannel@@@0@U_Nonscalar_ptr_iterator_tag@0@@Z 0000000140004920 f i ChannelMaster.obj
 0001:00003970       ??$_Unchecked_uninitialized_move@PEAUChannel@@PEAU1@V?$allocator@UChannel@@@std@@@stdext@@YAPEAUChannel@@PEAU1@00AEAV?$allocator@UChannel@@@std@@@Z 0000000140004970 f i ChannelMaster.obj
 0001:000039f0       ??$_Fill@PEAUChannel@@U1@@std@@YAXPEAUChannel@@0AEBU1@@Z 00000001400049f0 f i ChannelMaster.obj
 0001:00003a40       ??$_Move_backward_opt@PEAUChannel@@PEAU1@Urandom_access_iterator_tag@std@@U_Undefined_move_tag@3@@std@@YAPEAUChannel@@PEAU1@00Urandom_access_iterator_tag@0@U_Undefined_move_tag@0@U_Range_checked_iterator_tag@0@@Z 0000000140004a40 f i ChannelMaster.obj
 0001:00003ab0       ??$unchecked_uninitialized_copy@V?$_Vector_const_iterator@UTalkID@@V?$allocator@UTalkID@@@std@@@std@@PEAUTalkID@@V?$allocator@UTalkID@@@2@@stdext@@YAPEAUTalkID@@V?$_Vector_const_iterator@UTalkID@@V?$allocator@UTalkID@@@std@@@std@@0PEAU1@AEAV?$allocator@UTalkID@@@3@@Z 0000000140004ab0 f i ChannelMaster.obj
 0001:00003b30       ??4Channel@@QEAAAEAU0@AEBU0@@Z 0000000140004b30 f i ChannelMaster.obj
 0001:00003b60       ??4?$vector@UTalkID@@V?$allocator@UTalkID@@@std@@@std@@QEAAAEAV01@AEBV01@@Z 0000000140004b60 f i ChannelMaster.obj
 0001:00003d60       ?construct@?$allocator@UTalkID@@@std@@QEAAXPEAUTalkID@@AEBU3@@Z 0000000140004d60 f i ChannelMaster.obj
 0001:00003d90       ?construct@?$allocator@UChannel@@@std@@QEAAXPEAUChannel@@AEBU3@@Z 0000000140004d90 f i ChannelMaster.obj
 0001:00003dc0       ?destroy@?$allocator@UChannel@@@std@@QEAAXPEAUChannel@@@Z 0000000140004dc0 f i ChannelMaster.obj
 0001:00003de0       ??$_Copy_opt@PEAUTalkID@@PEAU1@Uforward_iterator_tag@std@@@std@@YAPEAUTalkID@@PEAU1@00Uforward_iterator_tag@0@U_Nonscalar_ptr_iterator_tag@0@U_Range_checked_iterator_tag@0@@Z 0000000140004de0 f i ChannelMaster.obj
 0001:00003e40       ??$_Checked_base@PEAUChannel@@@std@@YAPEAUChannel@@AEAPEAU1@U_Unchanged_checked_iterator_base_type_tag@0@@Z 0000000140004e40 f i ChannelMaster.obj
 0001:00003e40       ??$_Checked_base@PEAUTalkID@@@std@@YAPEAUTalkID@@AEAPEAU1@U_Unchanged_checked_iterator_base_type_tag@0@@Z 0000000140004e40 f i ChannelMaster.obj
 0001:00003e60       ??$_Copy_opt@PEAUChannel@@PEAU1@Uforward_iterator_tag@std@@@std@@YAPEAUChannel@@PEAU1@00Uforward_iterator_tag@0@U_Nonscalar_ptr_iterator_tag@0@U_Range_checked_iterator_tag@0@@Z 0000000140004e60 f i ChannelMaster.obj
 0001:00003ec0       ??$_Uninit_move@PEAUTalkID@@PEAU1@V?$allocator@UTalkID@@@std@@U_Undefined_move_tag@3@@std@@YAPEAUTalkID@@PEAU1@00AEAV?$allocator@UTalkID@@@0@U_Undefined_move_tag@0@U_Range_checked_iterator_tag@0@@Z 0000000140004ec0 f i ChannelMaster.obj
 0001:00003f00       ??$_Copy_backward_opt@PEAUTalkID@@PEAU1@@std@@YAPEAUTalkID@@PEAU1@00Urandom_access_iterator_tag@0@U_Nonscalar_ptr_iterator_tag@0@U_Range_checked_iterator_tag@0@@Z 0000000140004f00 f i ChannelMaster.obj
 0001:00003fa0       ??$_Uninit_move@PEAUChannel@@PEAU1@V?$allocator@UChannel@@@std@@U_Undefined_move_tag@3@@std@@YAPEAUChannel@@PEAU1@00AEAV?$allocator@UChannel@@@0@U_Undefined_move_tag@0@U_Range_checked_iterator_tag@0@@Z 0000000140004fa0 f i ChannelMaster.obj
 0001:00003fe0       ??$_Copy_backward_opt@PEAUChannel@@PEAU1@@std@@YAPEAUChannel@@PEAU1@00Urandom_access_iterator_tag@0@U_Nonscalar_ptr_iterator_tag@0@U_Range_checked_iterator_tag@0@@Z 0000000140004fe0 f i ChannelMaster.obj
 0001:00004080       ??$_Checked_base@V?$_Vector_const_iterator@UTalkID@@V?$allocator@UTalkID@@@std@@@std@@@std@@YAPEBUTalkID@@AEAV?$_Vector_const_iterator@UTalkID@@V?$allocator@UTalkID@@@std@@@0@@Z 0000000140005080 f i ChannelMaster.obj
 0001:000040a0       ??$_Ptr_cat@PEAUChannel@@PEAU1@@std@@YA?AU_Nonscalar_ptr_iterator_tag@0@AEAPEAUChannel@@0@Z 00000001400050a0 f i ChannelMaster.obj
 0001:000040a0       ??$_Ptr_cat@V?$_Vector_const_iterator@UTalkID@@V?$allocator@UTalkID@@@std@@@std@@PEAUTalkID@@@std@@YA?AU_Nonscalar_ptr_iterator_tag@0@AEAV?$_Vector_const_iterator@UTalkID@@V?$allocator@UTalkID@@@std@@@0@AEAPEAUTalkID@@@Z 00000001400050a0 f i ChannelMaster.obj
 0001:000040a0       ??$_Ptr_cat@PEAUTalkID@@PEAU1@@std@@YA?AU_Nonscalar_ptr_iterator_tag@0@AEAPEAUTalkID@@0@Z 00000001400050a0 f i ChannelMaster.obj
 0001:000040c0       ??$_Uninit_copy@PEBUTalkID@@PEAU1@V?$allocator@UTalkID@@@std@@@std@@YAPEAUTalkID@@PEBU1@0PEAU1@AEAV?$allocator@UTalkID@@@0@U_Nonscalar_ptr_iterator_tag@0@U_Range_checked_iterator_tag@0@@Z 00000001400050c0 f i ChannelMaster.obj
 0001:000040c0       ??$_Uninit_copy@PEAUTalkID@@PEAU1@V?$allocator@UTalkID@@@std@@@std@@YAPEAUTalkID@@PEAU1@00AEAV?$allocator@UTalkID@@@0@U_Nonscalar_ptr_iterator_tag@0@U_Range_checked_iterator_tag@0@@Z 00000001400050c0 f i ChannelMaster.obj
 0001:00004140       ??$_Ucopy@PEAUTalkID@@@?$vector@UTalkID@@V?$allocator@UTalkID@@@std@@@std@@IEAAPEAUTalkID@@PEAU2@00@Z 0000000140005140 f i ChannelMaster.obj
 0001:00004180       ??$_Construct@UTalkID@@U1@@std@@YAXPEAUTalkID@@AEBU1@@Z 0000000140005180 f i ChannelMaster.obj
 0001:000041e0       ??$_Construct@UChannel@@U1@@std@@YAXPEAUChannel@@AEBU1@@Z 00000001400051e0 f i ChannelMaster.obj
 0001:00004240       ??$_Destroy@UChannel@@@std@@YAXPEAUChannel@@@Z 0000000140005240 f i ChannelMaster.obj
 0001:00004260       ??_GChannel@@QEAAPEAXI@Z   0000000140005260 f i ChannelMaster.obj
 0001:000042a0       ??$unchecked_uninitialized_copy@PEAUTalkID@@PEAU1@V?$allocator@UTalkID@@@std@@@stdext@@YAPEAUTalkID@@PEAU1@00AEAV?$allocator@UTalkID@@@std@@@Z 00000001400052a0 f i ChannelMaster.obj
 0001:00004320       ??$_Copy_backward_opt@PEAUTalkID@@PEAU1@Uforward_iterator_tag@std@@@std@@YAPEAUTalkID@@PEAU1@00Uforward_iterator_tag@0@U_Nonscalar_ptr_iterator_tag@0@U_Range_checked_iterator_tag@0@@Z 0000000140005320 f i ChannelMaster.obj
 0001:00004380       ??$unchecked_uninitialized_copy@PEAUChannel@@PEAU1@V?$allocator@UChannel@@@std@@@stdext@@YAPEAUChannel@@PEAU1@00AEAV?$allocator@UChannel@@@std@@@Z 0000000140005380 f i ChannelMaster.obj
 0001:00004400       ??$_Copy_backward_opt@PEAUChannel@@PEAU1@Uforward_iterator_tag@std@@@std@@YAPEAUChannel@@PEAU1@00Uforward_iterator_tag@0@U_Nonscalar_ptr_iterator_tag@0@U_Range_checked_iterator_tag@0@@Z 0000000140005400 f i ChannelMaster.obj
 0001:00004460       ??$_Checked_base@V?$_Vector_const_iterator@UTalkID@@V?$allocator@UTalkID@@@std@@@std@@U_Different_checked_iterator_base_type_tag@2@@std@@YAPEBUTalkID@@AEAV?$_Vector_const_iterator@UTalkID@@V?$allocator@UTalkID@@@std@@@0@U_Different_checked_iterator_base_type_tag@0@@Z 0000000140005460 f i ChannelMaster.obj
 0001:00004480       ?_Checked_iterator_base@?$_Vector_const_iterator@UTalkID@@V?$allocator@UTalkID@@@std@@@std@@QEBAPEBUTalkID@@XZ 0000000140005480 f i ChannelMaster.obj
 0001:00004480       ?_Mynode@?$_Const_iterator@$00@?$list@UTalkID@@V?$allocator@UTalkID@@@std@@@std@@QEBAPEAU_Node@?$_List_nod@UTalkID@@V?$allocator@UTalkID@@@std@@@3@XZ 0000000140005480 f i SendToAllThread.obj
 0001:00004480       ?_Mynode@?$_Const_iterator@$00@?$list@PEAVSendMsg@@V?$allocator@PEAVSendMsg@@@std@@@std@@QEBAPEAU_Node@?$_List_nod@PEAVSendMsg@@V?$allocator@PEAVSendMsg@@@std@@@3@XZ 0000000140005480 f i SendToAllMsgList.obj
 0001:00004480       ?_Mynode@const_iterator@?$_Tree@V?$_Tmap_traits@V?$basic_string@DU?$char_traits@D@std@@V?$allocator@D@2@@std@@UTalkID@@U?$less@V?$basic_string@DU?$char_traits@D@std@@V?$allocator@D@2@@std@@@2@V?$allocator@U?$pair@$$CBV?$basic_string@DU?$char_traits@D@std@@V?$allocator@D@2@@std@@UTalkID@@@std@@@2@$0A@@std@@@std@@QEBAPEAU_Node@?$_Tree_nod@V?$_Tmap_traits@V?$basic_string@DU?$char_traits@D@std@@V?$allocator@D@2@@std@@UTalkID@@U?$less@V?$basic_string@DU?$char_traits@D@std@@V?$allocator@D@2@@std@@@2@V?$allocator@U?$pair@$$CBV?$basic_string@DU?$char_traits@D@std@@V?$allocator@D@2@@std@@UTalkID@@@std@@@2@$0A@@std@@@3@XZ 0000000140005480 f i ClientMaster.obj
 0001:00004490       ??$_Uninit_copy@PEAUChannel@@PEAU1@V?$allocator@UChannel@@@std@@@std@@YAPEAUChannel@@PEAU1@00AEAV?$allocator@UChannel@@@0@U_Nonscalar_ptr_iterator_tag@0@U_Range_checked_iterator_tag@0@@Z 0000000140005490 f i ChannelMaster.obj
 0001:00004510       ?compare@?$char_traits@D@std@@SAHPEBD0_K@Z 0000000140005510 f i ClientMaster.obj
 0001:00004540       ??0out_of_range@std@@QEAA@AEBV?$basic_string@DU?$char_traits@D@std@@V?$allocator@D@2@@1@@Z 0000000140005540 f i ClientMaster.obj
 0001:00004580       ??1out_of_range@std@@UEAA@XZ 0000000140005580 f i ClientMaster.obj
 0001:000045b0       ??_Gout_of_range@std@@UEAAPEAXI@Z 00000001400055b0 f i ClientMaster.obj
 0001:000045b0       ??_Eout_of_range@std@@UEAAPEAXI@Z 00000001400055b0 f i  CIL library: CIL module
 0001:000045f0       ??0out_of_range@std@@QEAA@AEBV01@@Z 00000001400055f0 f i ClientMaster.obj
 0001:00004630       ??1?$map@V?$basic_string@DU?$char_traits@D@std@@V?$allocator@D@2@@std@@UTalkID@@U?$less@V?$basic_string@DU?$char_traits@D@std@@V?$allocator@D@2@@std@@@2@V?$allocator@U?$pair@$$CBV?$basic_string@DU?$char_traits@D@std@@V?$allocator@D@2@@std@@UTalkID@@@std@@@2@@std@@QEAA@XZ 0000000140005630 f i ClientMaster.obj
 0001:00004650       ??0ClientList@ClientMaster@@QEAA@XZ 0000000140005650 f i ClientMaster.obj
 0001:00004680       ??_H@YAXPEAX_KHP6APEAX0@Z@Z 0000000140005680 f i ClientMaster.obj
 0001:000046d0       ??_I@YAXPEAX_KHP6AX0@Z@Z   00000001400056d0 f i ClientMaster.obj
 0001:00004740       ??1?$pair@V?$basic_string@DU?$char_traits@D@std@@V?$allocator@D@2@@std@@UTalkID@@@std@@QEAA@XZ 0000000140005740 f i ClientMaster.obj
 0001:00004740       ??1?$pair@$$CBV?$basic_string@DU?$char_traits@D@std@@V?$allocator@D@2@@std@@UTalkID@@@std@@QEAA@XZ 0000000140005740 f i ClientMaster.obj
 0001:00004760       ??0?$basic_string@DU?$char_traits@D@std@@V?$allocator@D@2@@std@@QEAA@XZ 0000000140005760 f i ClientMaster.obj
 0001:000047b0       ??4?$basic_string@DU?$char_traits@D@std@@V?$allocator@D@2@@std@@QEAAAEAV01@AEBV01@@Z 00000001400057b0 f i ClientMaster.obj
 0001:000047e0       ?compare@?$basic_string@DU?$char_traits@D@std@@V?$allocator@D@2@@std@@QEBAHAEBV12@@Z 00000001400057e0 f i ClientMaster.obj
 0001:00004830       ??0?$map@V?$basic_string@DU?$char_traits@D@std@@V?$allocator@D@2@@std@@UTalkID@@U?$less@V?$basic_string@DU?$char_traits@D@std@@V?$allocator@D@2@@std@@@2@V?$allocator@U?$pair@$$CBV?$basic_string@DU?$char_traits@D@std@@V?$allocator@D@2@@std@@UTalkID@@@std@@@2@@std@@QEAA@XZ 0000000140005830 f i ClientMaster.obj
 0001:00004860       ??1?$_Tree@V?$_Tmap_traits@V?$basic_string@DU?$char_traits@D@std@@V?$allocator@D@2@@std@@UTalkID@@U?$less@V?$basic_string@DU?$char_traits@D@std@@V?$allocator@D@2@@std@@@2@V?$allocator@U?$pair@$$CBV?$basic_string@DU?$char_traits@D@std@@V?$allocator@D@2@@std@@UTalkID@@@std@@@2@$0A@@std@@@std@@QEAA@XZ 0000000140005860 f i ClientMaster.obj
 0001:00004890       ?end@?$_Tree@V?$_Tmap_traits@V?$basic_string@DU?$char_traits@D@std@@V?$allocator@D@2@@std@@UTalkID@@U?$less@V?$basic_string@DU?$char_traits@D@std@@V?$allocator@D@2@@std@@@2@V?$allocator@U?$pair@$$CBV?$basic_string@DU?$char_traits@D@std@@V?$allocator@D@2@@std@@UTalkID@@@std@@@2@$0A@@std@@@std@@QEAA?AViterator@12@XZ 0000000140005890 f i ClientMaster.obj
 0001:000048c0       ?insert@?$_Tree@V?$_Tmap_traits@V?$basic_string@DU?$char_traits@D@std@@V?$allocator@D@2@@std@@UTalkID@@U?$less@V?$basic_string@DU?$char_traits@D@std@@V?$allocator@D@2@@std@@@2@V?$allocator@U?$pair@$$CBV?$basic_string@DU?$char_traits@D@std@@V?$allocator@D@2@@std@@UTalkID@@@std@@@2@$0A@@std@@@std@@QEAA?AU?$pair@Viterator@?$_Tree@V?$_Tmap_traits@V?$basic_string@DU?$char_traits@D@std@@V?$allocator@D@2@@std@@UTalkID@@U?$less@V?$basic_string@DU?$char_traits@D@std@@V?$allocator@D@2@@std@@@2@V?$allocator@U?$pair@$$CBV?$basic_string@DU?$char_traits@D@std@@V?$allocator@D@2@@std@@UTalkID@@@std@@@2@$0A@@std@@@std@@_N@2@AEBU?$pair@$$CBV?$basic_string@DU?$char_traits@D@std@@V?$allocator@D@2@@std@@UTalkID@@@2@@Z 00000001400058c0 f i ClientMaster.obj
 0001:00004b80       ?erase@?$_Tree@V?$_Tmap_traits@V?$basic_string@DU?$char_traits@D@std@@V?$allocator@D@2@@std@@UTalkID@@U?$less@V?$basic_string@DU?$char_traits@D@std@@V?$allocator@D@2@@std@@@2@V?$allocator@U?$pair@$$CBV?$basic_string@DU?$char_traits@D@std@@V?$allocator@D@2@@std@@UTalkID@@@std@@@2@$0A@@std@@@std@@QEAA?AViterator@12@Vconst_iterator@12@@Z 0000000140005b80 f i ClientMaster.obj
 0001:00005430       ?find@?$_Tree@V?$_Tmap_traits@V?$basic_string@DU?$char_traits@D@std@@V?$allocator@D@2@@std@@UTalkID@@U?$less@V?$basic_string@DU?$char_traits@D@std@@V?$allocator@D@2@@std@@@2@V?$allocator@U?$pair@$$CBV?$basic_string@DU?$char_traits@D@std@@V?$allocator@D@2@@std@@UTalkID@@@std@@@2@$0A@@std@@@std@@QEAA?AViterator@12@AEBV?$basic_string@DU?$char_traits@D@std@@V?$allocator@D@2@@2@@Z 0000000140006430 f i ClientMaster.obj
 0001:00005520       ??Citerator@?$_Tree@V?$_Tmap_traits@V?$basic_string@DU?$char_traits@D@std@@V?$allocator@D@2@@std@@UTalkID@@U?$less@V?$basic_string@DU?$char_traits@D@std@@V?$allocator@D@2@@std@@@2@V?$allocator@U?$pair@$$CBV?$basic_string@DU?$char_traits@D@std@@V?$allocator@D@2@@std@@UTalkID@@@std@@@2@$0A@@std@@@std@@QEBAPEAU?$pair@$$CBV?$basic_string@DU?$char_traits@D@std@@V?$allocator@D@2@@std@@UTalkID@@@2@XZ 0000000140006520 f i ClientMaster.obj
 0001:00005540       ??8const_iterator@?$_Tree@V?$_Tmap_traits@V?$basic_string@DU?$char_traits@D@std@@V?$allocator@D@2@@std@@UTalkID@@U?$less@V?$basic_string@DU?$char_traits@D@std@@V?$allocator@D@2@@std@@@2@V?$allocator@U?$pair@$$CBV?$basic_string@DU?$char_traits@D@std@@V?$allocator@D@2@@std@@UTalkID@@@std@@@2@$0A@@std@@@std@@QEBA_NAEBV012@@Z 0000000140006540 f i ClientMaster.obj
 0001:000055b0       ??9const_iterator@?$_Tree@V?$_Tmap_traits@V?$basic_string@DU?$char_traits@D@std@@V?$allocator@D@2@@std@@UTalkID@@U?$less@V?$basic_string@DU?$char_traits@D@std@@V?$allocator@D@2@@std@@@2@V?$allocator@U?$pair@$$CBV?$basic_string@DU?$char_traits@D@std@@V?$allocator@D@2@@std@@UTalkID@@@std@@@2@$0A@@std@@@std@@QEBA_NAEBV012@@Z 00000001400065b0 f i ClientMaster.obj
 0001:000055f0       ??1?$_Tree_val@V?$_Tmap_traits@V?$basic_string@DU?$char_traits@D@std@@V?$allocator@D@2@@std@@UTalkID@@U?$less@V?$basic_string@DU?$char_traits@D@std@@V?$allocator@D@2@@std@@@2@V?$allocator@U?$pair@$$CBV?$basic_string@DU?$char_traits@D@std@@V?$allocator@D@2@@std@@UTalkID@@@std@@@2@$0A@@std@@@std@@QEAA@XZ 00000001400065f0 f i ClientMaster.obj
 0001:00005610       ?assign@?$basic_string@DU?$char_traits@D@std@@V?$allocator@D@2@@std@@QEAAAEAV12@AEBV12@@Z 0000000140006610 f i ClientMaster.obj
 0001:00005640       ?compare@?$basic_string@DU?$char_traits@D@std@@V?$allocator@D@2@@std@@QEBAH_K0PEBD0@Z 0000000140006640 f i ClientMaster.obj
 0001:00005750       ?_Color@?$_Tree@V?$_Tmap_traits@V?$basic_string@DU?$char_traits@D@std@@V?$allocator@D@2@@std@@UTalkID@@U?$less@V?$basic_string@DU?$char_traits@D@std@@V?$allocator@D@2@@std@@@2@V?$allocator@U?$pair@$$CBV?$basic_string@DU?$char_traits@D@std@@V?$allocator@D@2@@std@@UTalkID@@@std@@@2@$0A@@std@@@std@@KAAEADPEAU_Node@?$_Tree_nod@V?$_Tmap_traits@V?$basic_string@DU?$char_traits@D@std@@V?$allocator@D@2@@std@@UTalkID@@U?$less@V?$basic_string@DU?$char_traits@D@std@@V?$allocator@D@2@@std@@@2@V?$allocator@U?$pair@$$CBV?$basic_string@DU?$char_traits@D@std@@V?$allocator@D@2@@std@@UTalkID@@@std@@@2@$0A@@std@@@2@@Z 0000000140006750 f i ClientMaster.obj
 0001:00005760       ?_Isnil@?$_Tree@V?$_Tmap_traits@V?$basic_string@DU?$char_traits@D@std@@V?$allocator@D@2@@std@@UTalkID@@U?$less@V?$basic_string@DU?$char_traits@D@std@@V?$allocator@D@2@@std@@@2@V?$allocator@U?$pair@$$CBV?$basic_string@DU?$char_traits@D@std@@V?$allocator@D@2@@std@@UTalkID@@@std@@@2@$0A@@std@@@std@@KAAEADPEAU_Node@?$_Tree_nod@V?$_Tmap_traits@V?$basic_string@DU?$char_traits@D@std@@V?$allocator@D@2@@std@@UTalkID@@U?$less@V?$basic_string@DU?$char_traits@D@std@@V?$allocator@D@2@@std@@@2@V?$allocator@U?$pair@$$CBV?$basic_string@DU?$char_traits@D@std@@V?$allocator@D@2@@std@@UTalkID@@@std@@@2@$0A@@std@@@2@@Z 0000000140006760 f i ClientMaster.obj
 0001:00005770       ?_Key@?$_Tree@V?$_Tmap_traits@V?$basic_string@DU?$char_traits@D@std@@V?$allocator@D@2@@std@@UTalkID@@U?$less@V?$basic_string@DU?$char_traits@D@std@@V?$allocator@D@2@@std@@@2@V?$allocator@U?$pair@$$CBV?$basic_string@DU?$char_traits@D@std@@V?$allocator@D@2@@std@@UTalkID@@@std@@@2@$0A@@std@@@std@@KAAEBV?$basic_string@DU?$char_traits@D@std@@V?$allocator@D@2@@2@PEAU_Node@?$_Tree_nod@V?$_Tmap_traits@V?$basic_string@DU?$char_traits@D@std@@V?$allocator@D@2@@std@@UTalkID@@U?$less@V?$basic_string@DU?$char_traits@D@std@@V?$allocator@D@2@@std@@@2@V?$allocator@U?$pair@$$CBV?$basic_string@DU?$char_traits@D@std@@V?$allocator@D@2@@std@@UTalkID@@@std@@@2@$0A@@std@@@2@@Z 0000000140006770 f i ClientMaster.obj
 0001:00005790       ??0?$_Tree@V?$_Tmap_traits@V?$basic_string@DU?$char_traits@D@std@@V?$allocator@D@2@@std@@UTalkID@@U?$less@V?$basic_string@DU?$char_traits@D@std@@V?$allocator@D@2@@std@@@2@V?$allocator@U?$pair@$$CBV?$basic_string@DU?$char_traits@D@std@@V?$allocator@D@2@@std@@UTalkID@@@std@@@2@$0A@@std@@@std@@QEAA@AEBU?$less@V?$basic_string@DU?$char_traits@D@std@@V?$allocator@D@2@@std@@@1@AEBV?$allocator@U?$pair@$$CBV?$basic_string@DU?$char_traits@D@std@@V?$allocator@D@2@@std@@UTalkID@@@std@@@1@@Z 0000000140006790 f i ClientMaster.obj
 0001:000057f0       ?begin@?$_Tree@V?$_Tmap_traits@V?$basic_string@DU?$char_traits@D@std@@V?$allocator@D@2@@std@@UTalkID@@U?$less@V?$basic_string@DU?$char_traits@D@std@@V?$allocator@D@2@@std@@@2@V?$allocator@U?$pair@$$CBV?$basic_string@DU?$char_traits@D@std@@V?$allocator@D@2@@std@@UTalkID@@@std@@@2@$0A@@std@@@std@@QEAA?AViterator@12@XZ 00000001400067f0 f i ClientMaster.obj
 0001:00005830       ?_Make_iter@?$_Tree@V?$_Tmap_traits@V?$basic_string@DU?$char_traits@D@std@@V?$allocator@D@2@@std@@UTalkID@@U?$less@V?$basic_string@DU?$char_traits@D@std@@V?$allocator@D@2@@std@@@2@V?$allocator@U?$pair@$$CBV?$basic_string@DU?$char_traits@D@std@@V?$allocator@D@2@@std@@UTalkID@@@std@@@2@$0A@@std@@@std@@QEBA?AViterator@12@Vconst_iterator@12@@Z 0000000140006830 f i ClientMaster.obj
 0001:00005890       ?lower_bound@?$_Tree@V?$_Tmap_traits@V?$basic_string@DU?$char_traits@D@std@@V?$allocator@D@2@@std@@UTalkID@@U?$less@V?$basic_string@DU?$char_traits@D@std@@V?$allocator@D@2@@std@@@2@V?$allocator@U?$pair@$$CBV?$basic_string@DU?$char_traits@D@std@@V?$allocator@D@2@@std@@UTalkID@@@std@@@2@$0A@@std@@@std@@QEAA?AViterator@12@AEBV?$basic_string@DU?$char_traits@D@std@@V?$allocator@D@2@@2@@Z 0000000140006890 f i ClientMaster.obj
 0001:000058d0       ?_Init@?$_Tree@V?$_Tmap_traits@V?$basic_string@DU?$char_traits@D@std@@V?$allocator@D@2@@std@@UTalkID@@U?$less@V?$basic_string@DU?$char_traits@D@std@@V?$allocator@D@2@@std@@@2@V?$allocator@U?$pair@$$CBV?$basic_string@DU?$char_traits@D@std@@V?$allocator@D@2@@std@@UTalkID@@@std@@@2@$0A@@std@@@std@@IEAAXXZ 00000001400068d0 f i ClientMaster.obj
 0001:00005960       ?_Insert@?$_Tree@V?$_Tmap_traits@V?$basic_string@DU?$char_traits@D@std@@V?$allocator@D@2@@std@@UTalkID@@U?$less@V?$basic_string@DU?$char_traits@D@std@@V?$allocator@D@2@@std@@@2@V?$allocator@U?$pair@$$CBV?$basic_string@DU?$char_traits@D@std@@V?$allocator@D@2@@std@@UTalkID@@@std@@@2@$0A@@std@@@std@@IEAA?AViterator@12@_NPEAU_Node@?$_Tree_nod@V?$_Tmap_traits@V?$basic_string@DU?$char_traits@D@std@@V?$allocator@D@2@@std@@UTalkID@@U?$less@V?$basic_string@DU?$char_traits@D@std@@V?$allocator@D@2@@std@@@2@V?$allocator@U?$pair@$$CBV?$basic_string@DU?$char_traits@D@std@@V?$allocator@D@2@@std@@UTalkID@@@std@@@2@$0A@@std@@@2@AEBU?$pair@$$CBV?$basic_string@DU?$char_traits@D@std@@V?$allocator@D@2@@std@@UTalkID@@@2@@Z 0000000140006960 f i ClientMaster.obj
 0001:00005e50       ?_Lmost@?$_Tree@V?$_Tmap_traits@V?$basic_string@DU?$char_traits@D@std@@V?$allocator@D@2@@std@@UTalkID@@U?$less@V?$basic_string@DU?$char_traits@D@std@@V?$allocator@D@2@@std@@@2@V?$allocator@U?$pair@$$CBV?$basic_string@DU?$char_traits@D@std@@V?$allocator@D@2@@std@@UTalkID@@@std@@@2@$0A@@std@@@std@@IEBAAEAPEAU_Node@?$_Tree_nod@V?$_Tmap_traits@V?$basic_string@DU?$char_traits@D@std@@V?$allocator@D@2@@std@@UTalkID@@U?$less@V?$basic_string@DU?$char_traits@D@std@@V?$allocator@D@2@@std@@@2@V?$allocator@U?$pair@$$CBV?$basic_string@DU?$char_traits@D@std@@V?$allocator@D@2@@std@@UTalkID@@@std@@@2@$0A@@std@@@2@XZ 0000000140006e50 f i ClientMaster.obj
 0001:00005e70       ?_Lrotate@?$_Tree@V?$_Tmap_traits@V?$basic_string@DU?$char_traits@D@std@@V?$allocator@D@2@@std@@UTalkID@@U?$less@V?$basic_string@DU?$char_traits@D@std@@V?$allocator@D@2@@std@@@2@V?$allocator@U?$pair@$$CBV?$basic_string@DU?$char_traits@D@std@@V?$allocator@D@2@@std@@UTalkID@@@std@@@2@$0A@@std@@@std@@IEAAXPEAU_Node@?$_Tree_nod@V?$_Tmap_traits@V?$basic_string@DU?$char_traits@D@std@@V?$allocator@D@2@@std@@UTalkID@@U?$less@V?$basic_string@DU?$char_traits@D@std@@V?$allocator@D@2@@std@@@2@V?$allocator@U?$pair@$$CBV?$basic_string@DU?$char_traits@D@std@@V?$allocator@D@2@@std@@UTalkID@@@std@@@2@$0A@@std@@@2@@Z 0000000140006e70 f i ClientMaster.obj
 0001:00005fc0       ?_Max@?$_Tree@V?$_Tmap_traits@V?$basic_string@DU?$char_traits@D@std@@V?$allocator@D@2@@std@@UTalkID@@U?$less@V?$basic_string@DU?$char_traits@D@std@@V?$allocator@D@2@@std@@@2@V?$allocator@U?$pair@$$CBV?$basic_string@DU?$char_traits@D@std@@V?$allocator@D@2@@std@@UTalkID@@@std@@@2@$0A@@std@@@std@@KAPEAU_Node@?$_Tree_nod@V?$_Tmap_traits@V?$basic_string@DU?$char_traits@D@std@@V?$allocator@D@2@@std@@UTalkID@@U?$less@V?$basic_string@DU?$char_traits@D@std@@V?$allocator@D@2@@std@@@2@V?$allocator@U?$pair@$$CBV?$basic_string@DU?$char_traits@D@std@@V?$allocator@D@2@@std@@UTalkID@@@std@@@2@$0A@@std@@@2@PEAU342@@Z 0000000140006fc0 f i ClientMaster.obj
 0001:00006000       ?_Min@?$_Tree@V?$_Tmap_traits@V?$basic_string@DU?$char_traits@D@std@@V?$allocator@D@2@@std@@UTalkID@@U?$less@V?$basic_string@DU?$char_traits@D@std@@V?$allocator@D@2@@std@@@2@V?$allocator@U?$pair@$$CBV?$basic_string@DU?$char_traits@D@std@@V?$allocator@D@2@@std@@UTalkID@@@std@@@2@$0A@@std@@@std@@KAPEAU_Node@?$_Tree_nod@V?$_Tmap_traits@V?$basic_string@DU?$char_traits@D@std@@V?$allocator@D@2@@std@@UTalkID@@U?$less@V?$basic_string@DU?$char_traits@D@std@@V?$allocator@D@2@@std@@@2@V?$allocator@U?$pair@$$CBV?$basic_string@DU?$char_traits@D@std@@V?$allocator@D@2@@std@@UTalkID@@@std@@@2@$0A@@std@@@2@PEAU342@@Z 0000000140007000 f i ClientMaster.obj
 0001:00006040       ?_Rmost@?$_Tree@V?$_Tmap_traits@V?$basic_string@DU?$char_traits@D@std@@V?$allocator@D@2@@std@@UTalkID@@U?$less@V?$basic_string@DU?$char_traits@D@std@@V?$allocator@D@2@@std@@@2@V?$allocator@U?$pair@$$CBV?$basic_string@DU?$char_traits@D@std@@V?$allocator@D@2@@std@@UTalkID@@@std@@@2@$0A@@std@@@std@@IEBAAEAPEAU_Node@?$_Tree_nod@V?$_Tmap_traits@V?$basic_string@DU?$char_traits@D@std@@V?$allocator@D@2@@std@@UTalkID@@U?$less@V?$basic_string@DU?$char_traits@D@std@@V?$allocator@D@2@@std@@@2@V?$allocator@U?$pair@$$CBV?$basic_string@DU?$char_traits@D@std@@V?$allocator@D@2@@std@@UTalkID@@@std@@@2@$0A@@std@@@2@XZ 0000000140007040 f i ClientMaster.obj
 0001:00006060       ?_Root@?$_Tree@V?$_Tmap_traits@V?$basic_string@DU?$char_traits@D@std@@V?$allocator@D@2@@std@@UTalkID@@U?$less@V?$basic_string@DU?$char_traits@D@std@@V?$allocator@D@2@@std@@@2@V?$allocator@U?$pair@$$CBV?$basic_string@DU?$char_traits@D@std@@V?$allocator@D@2@@std@@UTalkID@@@std@@@2@$0A@@std@@@std@@IEBAAEAPEAU_Node@?$_Tree_nod@V?$_Tmap_traits@V?$basic_string@DU?$char_traits@D@std@@V?$allocator@D@2@@std@@UTalkID@@U?$less@V?$basic_string@DU?$char_traits@D@std@@V?$allocator@D@2@@std@@@2@V?$allocator@U?$pair@$$CBV?$basic_string@DU?$char_traits@D@std@@V?$allocator@D@2@@std@@UTalkID@@@std@@@2@$0A@@std@@@2@XZ 0000000140007060 f i ClientMaster.obj
 0001:00006080       ?_Rrotate@?$_Tree@V?$_Tmap_traits@V?$basic_string@DU?$char_traits@D@std@@V?$allocator@D@2@@std@@UTalkID@@U?$less@V?$basic_string@DU?$char_traits@D@std@@V?$allocator@D@2@@std@@@2@V?$allocator@U?$pair@$$CBV?$basic_string@DU?$char_traits@D@std@@V?$allocator@D@2@@std@@UTalkID@@@std@@@2@$0A@@std@@@std@@IEAAXPEAU_Node@?$_Tree_nod@V?$_Tmap_traits@V?$basic_string@DU?$char_traits@D@std@@V?$allocator@D@2@@std@@UTalkID@@U?$less@V?$basic_string@DU?$char_traits@D@std@@V?$allocator@D@2@@std@@@2@V?$allocator@U?$pair@$$CBV?$basic_string@DU?$char_traits@D@std@@V?$allocator@D@2@@std@@UTalkID@@@std@@@2@$0A@@std@@@2@@Z 0000000140007080 f i ClientMaster.obj
 0001:000061d0       ?_Tidy@?$_Tree@V?$_Tmap_traits@V?$basic_string@DU?$char_traits@D@std@@V?$allocator@D@2@@std@@UTalkID@@U?$less@V?$basic_string@DU?$char_traits@D@std@@V?$allocator@D@2@@std@@@2@V?$allocator@U?$pair@$$CBV?$basic_string@DU?$char_traits@D@std@@V?$allocator@D@2@@std@@UTalkID@@@std@@@2@$0A@@std@@@std@@IEAAXXZ 00000001400071d0 f i ClientMaster.obj
 0001:00006350       ??0?$_Tree_val@V?$_Tmap_traits@V?$basic_string@DU?$char_traits@D@std@@V?$allocator@D@2@@std@@UTalkID@@U?$less@V?$basic_string@DU?$char_traits@D@std@@V?$allocator@D@2@@std@@@2@V?$allocator@U?$pair@$$CBV?$basic_string@DU?$char_traits@D@std@@V?$allocator@D@2@@std@@UTalkID@@@std@@@2@$0A@@std@@@std@@IEAA@AEBU?$less@V?$basic_string@DU?$char_traits@D@std@@V?$allocator@D@2@@std@@@1@V?$allocator@U?$pair@$$CBV?$basic_string@DU?$char_traits@D@std@@V?$allocator@D@2@@std@@UTalkID@@@std@@@1@@Z 0000000140007350 f i ClientMaster.obj
 0001:000063b0       ??R?$less@V?$basic_string@DU?$char_traits@D@std@@V?$allocator@D@2@@std@@@std@@QEBA_NAEBV?$basic_string@DU?$char_traits@D@std@@V?$allocator@D@2@@1@0@Z 00000001400073b0 f i ClientMaster.obj
 0001:000063e0       ?destroy@?$allocator@U_Node@?$_Tree_nod@V?$_Tmap_traits@V?$basic_string@DU?$char_traits@D@std@@V?$allocator@D@2@@std@@UTalkID@@U?$less@V?$basic_string@DU?$char_traits@D@std@@V?$allocator@D@2@@std@@@2@V?$allocator@U?$pair@$$CBV?$basic_string@DU?$char_traits@D@std@@V?$allocator@D@2@@std@@UTalkID@@@std@@@2@$0A@@std@@@std@@@std@@QEAAXPEAU_Node@?$_Tree_nod@V?$_Tmap_traits@V?$basic_string@DU?$char_traits@D@std@@V?$allocator@D@2@@std@@UTalkID@@U?$less@V?$basic_string@DU?$char_traits@D@std@@V?$allocator@D@2@@std@@@2@V?$allocator@U?$pair@$$CBV?$basic_string@DU?$char_traits@D@std@@V?$allocator@D@2@@std@@UTalkID@@@std@@@2@$0A@@std@@@2@@Z 00000001400073e0 f i ClientMaster.obj
 0001:00006400       ??0iterator@?$_Tree@V?$_Tmap_traits@V?$basic_string@DU?$char_traits@D@std@@V?$allocator@D@2@@std@@UTalkID@@U?$less@V?$basic_string@DU?$char_traits@D@std@@V?$allocator@D@2@@std@@@2@V?$allocator@U?$pair@$$CBV?$basic_string@DU?$char_traits@D@std@@V?$allocator@D@2@@std@@UTalkID@@@std@@@2@$0A@@std@@@std@@QEAA@PEAU_Node@?$_Tree_nod@V?$_Tmap_traits@V?$basic_string@DU?$char_traits@D@std@@V?$allocator@D@2@@std@@UTalkID@@U?$less@V?$basic_string@DU?$char_traits@D@std@@V?$allocator@D@2@@std@@@2@V?$allocator@U?$pair@$$CBV?$basic_string@DU?$char_traits@D@std@@V?$allocator@D@2@@std@@UTalkID@@@std@@@2@$0A@@std@@@2@PEBV12@@Z 0000000140007400 f i ClientMaster.obj
 0001:00006440       ??Diterator@?$_Tree@V?$_Tmap_traits@V?$basic_string@DU?$char_traits@D@std@@V?$allocator@D@2@@std@@UTalkID@@U?$less@V?$basic_string@DU?$char_traits@D@std@@V?$allocator@D@2@@std@@@2@V?$allocator@U?$pair@$$CBV?$basic_string@DU?$char_traits@D@std@@V?$allocator@D@2@@std@@UTalkID@@@std@@@2@$0A@@std@@@std@@QEBAAEAU?$pair@$$CBV?$basic_string@DU?$char_traits@D@std@@V?$allocator@D@2@@std@@UTalkID@@@2@XZ 0000000140007440 f i ClientMaster.obj
 0001:00006460       ??Fiterator@?$_Tree@V?$_Tmap_traits@V?$basic_string@DU?$char_traits@D@std@@V?$allocator@D@2@@std@@UTalkID@@U?$less@V?$basic_string@DU?$char_traits@D@std@@V?$allocator@D@2@@std@@@2@V?$allocator@U?$pair@$$CBV?$basic_string@DU?$char_traits@D@std@@V?$allocator@D@2@@std@@UTalkID@@@std@@@2@$0A@@std@@@std@@QEAAAEAV012@XZ 0000000140007460 f i ClientMaster.obj
 0001:00006480       ??Econst_iterator@?$_Tree@V?$_Tmap_traits@V?$basic_string@DU?$char_traits@D@std@@V?$allocator@D@2@@std@@UTalkID@@U?$less@V?$basic_string@DU?$char_traits@D@std@@V?$allocator@D@2@@std@@@2@V?$allocator@U?$pair@$$CBV?$basic_string@DU?$char_traits@D@std@@V?$allocator@D@2@@std@@UTalkID@@@std@@@2@$0A@@std@@@std@@QEAAAEAV012@XZ 0000000140007480 f i ClientMaster.obj
 0001:000064a0       ??0?$pair@Viterator@?$_Tree@V?$_Tmap_traits@V?$basic_string@DU?$char_traits@D@std@@V?$allocator@D@2@@std@@UTalkID@@U?$less@V?$basic_string@DU?$char_traits@D@std@@V?$allocator@D@2@@std@@@2@V?$allocator@U?$pair@$$CBV?$basic_string@DU?$char_traits@D@std@@V?$allocator@D@2@@std@@UTalkID@@@std@@@2@$0A@@std@@@std@@_N@std@@QEAA@AEBViterator@?$_Tree@V?$_Tmap_traits@V?$basic_string@DU?$char_traits@D@std@@V?$allocator@D@2@@std@@UTalkID@@U?$less@V?$basic_string@DU?$char_traits@D@std@@V?$allocator@D@2@@std@@@2@V?$allocator@U?$pair@$$CBV?$basic_string@DU?$char_traits@D@std@@V?$allocator@D@2@@std@@UTalkID@@@std@@@2@$0A@@std@@@1@AEB_N@Z 00000001400074a0 f i ClientMaster.obj
 0001:00006500       ?_Myval@?$_Tree@V?$_Tmap_traits@V?$basic_string@DU?$char_traits@D@std@@V?$allocator@D@2@@std@@UTalkID@@U?$less@V?$basic_string@DU?$char_traits@D@std@@V?$allocator@D@2@@std@@@2@V?$allocator@U?$pair@$$CBV?$basic_string@DU?$char_traits@D@std@@V?$allocator@D@2@@std@@UTalkID@@@std@@@2@$0A@@std@@@std@@KAAEAU?$pair@$$CBV?$basic_string@DU?$char_traits@D@std@@V?$allocator@D@2@@std@@UTalkID@@@2@PEAU_Node@?$_Tree_nod@V?$_Tmap_traits@V?$basic_string@DU?$char_traits@D@std@@V?$allocator@D@2@@std@@UTalkID@@U?$less@V?$basic_string@DU?$char_traits@D@std@@V?$allocator@D@2@@std@@@2@V?$allocator@U?$pair@$$CBV?$basic_string@DU?$char_traits@D@std@@V?$allocator@D@2@@std@@UTalkID@@@std@@@2@$0A@@std@@@2@@Z 0000000140007500 f i ClientMaster.obj
 0001:00006510       ?max_size@?$_Tree@V?$_Tmap_traits@V?$basic_string@DU?$char_traits@D@std@@V?$allocator@D@2@@std@@UTalkID@@U?$less@V?$basic_string@DU?$char_traits@D@std@@V?$allocator@D@2@@std@@@2@V?$allocator@U?$pair@$$CBV?$basic_string@DU?$char_traits@D@std@@V?$allocator@D@2@@std@@UTalkID@@@std@@@2@$0A@@std@@@std@@QEBA_KXZ 0000000140007510 f i ClientMaster.obj
 0001:00006530       ?erase@?$_Tree@V?$_Tmap_traits@V?$basic_string@DU?$char_traits@D@std@@V?$allocator@D@2@@std@@UTalkID@@U?$less@V?$basic_string@DU?$char_traits@D@std@@V?$allocator@D@2@@std@@@2@V?$allocator@U?$pair@$$CBV?$basic_string@DU?$char_traits@D@std@@V?$allocator@D@2@@std@@UTalkID@@@std@@@2@$0A@@std@@@std@@QEAA?AViterator@12@Vconst_iterator@12@0@Z 0000000140007530 f i ClientMaster.obj
 0001:00006670       ?_Lbound@?$_Tree@V?$_Tmap_traits@V?$basic_string@DU?$char_traits@D@std@@V?$allocator@D@2@@std@@UTalkID@@U?$less@V?$basic_string@DU?$char_traits@D@std@@V?$allocator@D@2@@std@@@2@V?$allocator@U?$pair@$$CBV?$basic_string@DU?$char_traits@D@std@@V?$allocator@D@2@@std@@UTalkID@@@std@@@2@$0A@@std@@@std@@IEBAPEAU_Node@?$_Tree_nod@V?$_Tmap_traits@V?$basic_string@DU?$char_traits@D@std@@V?$allocator@D@2@@std@@UTalkID@@U?$less@V?$basic_string@DU?$char_traits@D@std@@V?$allocator@D@2@@std@@@2@V?$allocator@U?$pair@$$CBV?$basic_string@DU?$char_traits@D@std@@V?$allocator@D@2@@std@@UTalkID@@@std@@@2@$0A@@std@@@2@AEBV?$basic_string@DU?$char_traits@D@std@@V?$allocator@D@2@@2@@Z 0000000140007670 f i ClientMaster.obj
 0001:00006720       ?_Buynode@?$_Tree@V?$_Tmap_traits@V?$basic_string@DU?$char_traits@D@std@@V?$allocator@D@2@@std@@UTalkID@@U?$less@V?$basic_string@DU?$char_traits@D@std@@V?$allocator@D@2@@std@@@2@V?$allocator@U?$pair@$$CBV?$basic_string@DU?$char_traits@D@std@@V?$allocator@D@2@@std@@UTalkID@@@std@@@2@$0A@@std@@@std@@IEAAPEAU_Node@?$_Tree_nod@V?$_Tmap_traits@V?$basic_string@DU?$char_traits@D@std@@V?$allocator@D@2@@std@@UTalkID@@U?$less@V?$basic_string@DU?$char_traits@D@std@@V?$allocator@D@2@@std@@@2@V?$allocator@U?$pair@$$CBV?$basic_string@DU?$char_traits@D@std@@V?$allocator@D@2@@std@@UTalkID@@@std@@@2@$0A@@std@@@2@XZ 0000000140007720 f i ClientMaster.obj
 0001:00006810       ?_Buynode@?$_Tree@V?$_Tmap_traits@V?$basic_string@DU?$char_traits@D@std@@V?$allocator@D@2@@std@@UTalkID@@U?$less@V?$basic_string@DU?$char_traits@D@std@@V?$allocator@D@2@@std@@@2@V?$allocator@U?$pair@$$CBV?$basic_string@DU?$char_traits@D@std@@V?$allocator@D@2@@std@@UTalkID@@@std@@@2@$0A@@std@@@std@@IEAAPEAU_Node@?$_Tree_nod@V?$_Tmap_traits@V?$basic_string@DU?$char_traits@D@std@@V?$allocator@D@2@@std@@UTalkID@@U?$less@V?$basic_string@DU?$char_traits@D@std@@V?$allocator@D@2@@std@@@2@V?$allocator@U?$pair@$$CBV?$basic_string@DU?$char_traits@D@std@@V?$allocator@D@2@@std@@UTalkID@@@std@@@2@$0A@@std@@@2@PEAU342@00AEBU?$pair@$$CBV?$basic_string@DU?$char_traits@D@std@@V?$allocator@D@2@@std@@UTalkID@@@2@D@Z 0000000140007810 f i ClientMaster.obj
 0001:000068c0       ??0?$_Tree_ptr@V?$_Tmap_traits@V?$basic_string@DU?$char_traits@D@std@@V?$allocator@D@2@@std@@UTalkID@@U?$less@V?$basic_string@DU?$char_traits@D@std@@V?$allocator@D@2@@std@@@2@V?$allocator@U?$pair@$$CBV?$basic_string@DU?$char_traits@D@std@@V?$allocator@D@2@@std@@UTalkID@@@std@@@2@$0A@@std@@@std@@IEAA@AEBU?$less@V?$basic_string@DU?$char_traits@D@std@@V?$allocator@D@2@@std@@@1@V?$allocator@U?$pair@$$CBV?$basic_string@DU?$char_traits@D@std@@V?$allocator@D@2@@std@@UTalkID@@@std@@@1@@Z 00000001400078c0 f i ClientMaster.obj
 0001:00006920       ??0const_iterator@?$_Tree@V?$_Tmap_traits@V?$basic_string@DU?$char_traits@D@std@@V?$allocator@D@2@@std@@UTalkID@@U?$less@V?$basic_string@DU?$char_traits@D@std@@V?$allocator@D@2@@std@@@2@V?$allocator@U?$pair@$$CBV?$basic_string@DU?$char_traits@D@std@@V?$allocator@D@2@@std@@UTalkID@@@std@@@2@$0A@@std@@@std@@QEAA@PEAU_Node@?$_Tree_nod@V?$_Tmap_traits@V?$basic_string@DU?$char_traits@D@std@@V?$allocator@D@2@@std@@UTalkID@@U?$less@V?$basic_string@DU?$char_traits@D@std@@V?$allocator@D@2@@std@@@2@V?$allocator@U?$pair@$$CBV?$basic_string@DU?$char_traits@D@std@@V?$allocator@D@2@@std@@UTalkID@@@std@@@2@$0A@@std@@@2@PEBV12@@Z 0000000140007920 f i ClientMaster.obj
 0001:00006980       ??Dconst_iterator@?$_Tree@V?$_Tmap_traits@V?$basic_string@DU?$char_traits@D@std@@V?$allocator@D@2@@std@@UTalkID@@U?$less@V?$basic_string@DU?$char_traits@D@std@@V?$allocator@D@2@@std@@@2@V?$allocator@U?$pair@$$CBV?$basic_string@DU?$char_traits@D@std@@V?$allocator@D@2@@std@@UTalkID@@@std@@@2@$0A@@std@@@std@@QEBAAEBU?$pair@$$CBV?$basic_string@DU?$char_traits@D@std@@V?$allocator@D@2@@std@@UTalkID@@@2@XZ 0000000140007980 f i ClientMaster.obj
 0001:000069e0       ??Fconst_iterator@?$_Tree@V?$_Tmap_traits@V?$basic_string@DU?$char_traits@D@std@@V?$allocator@D@2@@std@@UTalkID@@U?$less@V?$basic_string@DU?$char_traits@D@std@@V?$allocator@D@2@@std@@@2@V?$allocator@U?$pair@$$CBV?$basic_string@DU?$char_traits@D@std@@V?$allocator@D@2@@std@@UTalkID@@@std@@@2@$0A@@std@@@std@@QEAAAEAV012@XZ 00000001400079e0 f i ClientMaster.obj
 0001:00006a00       ?_Inc@const_iterator@?$_Tree@V?$_Tmap_traits@V?$basic_string@DU?$char_traits@D@std@@V?$allocator@D@2@@std@@UTalkID@@U?$less@V?$basic_string@DU?$char_traits@D@std@@V?$allocator@D@2@@std@@@2@V?$allocator@U?$pair@$$CBV?$basic_string@DU?$char_traits@D@std@@V?$allocator@D@2@@std@@UTalkID@@@std@@@2@$0A@@std@@@std@@QEAAXXZ 0000000140007a00 f i ClientMaster.obj
 0001:00006af0       ?clear@?$_Tree@V?$_Tmap_traits@V?$basic_string@DU?$char_traits@D@std@@V?$allocator@D@2@@std@@UTalkID@@U?$less@V?$basic_string@DU?$char_traits@D@std@@V?$allocator@D@2@@std@@@2@V?$allocator@U?$pair@$$CBV?$basic_string@DU?$char_traits@D@std@@V?$allocator@D@2@@std@@UTalkID@@@std@@@2@$0A@@std@@@std@@QEAAXXZ 0000000140007af0 f i ClientMaster.obj
 0001:00006b70       ?_Erase@?$_Tree@V?$_Tmap_traits@V?$basic_string@DU?$char_traits@D@std@@V?$allocator@D@2@@std@@UTalkID@@U?$less@V?$basic_string@DU?$char_traits@D@std@@V?$allocator@D@2@@std@@@2@V?$allocator@U?$pair@$$CBV?$basic_string@DU?$char_traits@D@std@@V?$allocator@D@2@@std@@UTalkID@@@std@@@2@$0A@@std@@@std@@IEAAXPEAU_Node@?$_Tree_nod@V?$_Tmap_traits@V?$basic_string@DU?$char_traits@D@std@@V?$allocator@D@2@@std@@UTalkID@@U?$less@V?$basic_string@DU?$char_traits@D@std@@V?$allocator@D@2@@std@@@2@V?$allocator@U?$pair@$$CBV?$basic_string@DU?$char_traits@D@std@@V?$allocator@D@2@@std@@UTalkID@@@std@@@2@$0A@@std@@@2@@Z 0000000140007b70 f i ClientMaster.obj
 0001:00006c10       ??0?$_Tree_nod@V?$_Tmap_traits@V?$basic_string@DU?$char_traits@D@std@@V?$allocator@D@2@@std@@UTalkID@@U?$less@V?$basic_string@DU?$char_traits@D@std@@V?$allocator@D@2@@std@@@2@V?$allocator@U?$pair@$$CBV?$basic_string@DU?$char_traits@D@std@@V?$allocator@D@2@@std@@UTalkID@@@std@@@2@$0A@@std@@@std@@IEAA@AEBU?$less@V?$basic_string@DU?$char_traits@D@std@@V?$allocator@D@2@@std@@@1@V?$allocator@U?$pair@$$CBV?$basic_string@DU?$char_traits@D@std@@V?$allocator@D@2@@std@@UTalkID@@@std@@@1@@Z 0000000140007c10 f i ClientMaster.obj
 0001:00006c70       ?max_size@?$allocator@UChannel@@@std@@QEBA_KXZ 0000000140007c70 f i ChannelMaster.obj
 0001:00006c70       ?max_size@?$allocator@U?$pair@$$CBV?$basic_string@DU?$char_traits@D@std@@V?$allocator@D@2@@std@@UTalkID@@@std@@@std@@QEBA_KXZ 0000000140007c70 f i ClientMaster.obj
 0001:00006cb0       ?allocate@?$allocator@U_Node@?$_Tree_nod@V?$_Tmap_traits@V?$basic_string@DU?$char_traits@D@std@@V?$allocator@D@2@@std@@UTalkID@@U?$less@V?$basic_string@DU?$char_traits@D@std@@V?$allocator@D@2@@std@@@2@V?$allocator@U?$pair@$$CBV?$basic_string@DU?$char_traits@D@std@@V?$allocator@D@2@@std@@UTalkID@@@std@@@2@$0A@@std@@@std@@@std@@QEAAPEAU_Node@?$_Tree_nod@V?$_Tmap_traits@V?$basic_string@DU?$char_traits@D@std@@V?$allocator@D@2@@std@@UTalkID@@U?$less@V?$basic_string@DU?$char_traits@D@std@@V?$allocator@D@2@@std@@@2@V?$allocator@U?$pair@$$CBV?$basic_string@DU?$char_traits@D@std@@V?$allocator@D@2@@std@@UTalkID@@@std@@@2@$0A@@std@@@2@_K@Z 0000000140007cb0 f i ClientMaster.obj
 0001:00006cd0       ??Econst_iterator@?$_Tree@V?$_Tmap_traits@V?$basic_string@DU?$char_traits@D@std@@V?$allocator@D@2@@std@@UTalkID@@U?$less@V?$basic_string@DU?$char_traits@D@std@@V?$allocator@D@2@@std@@@2@V?$allocator@U?$pair@$$CBV?$basic_string@DU?$char_traits@D@std@@V?$allocator@D@2@@std@@UTalkID@@@std@@@2@$0A@@std@@@std@@QEAA?AV012@H@Z 0000000140007cd0 f i ClientMaster.obj
 0001:00006d30       ?_Dec@const_iterator@?$_Tree@V?$_Tmap_traits@V?$basic_string@DU?$char_traits@D@std@@V?$allocator@D@2@@std@@UTalkID@@U?$less@V?$basic_string@DU?$char_traits@D@std@@V?$allocator@D@2@@std@@@2@V?$allocator@U?$pair@$$CBV?$basic_string@DU?$char_traits@D@std@@V?$allocator@D@2@@std@@UTalkID@@@std@@@2@$0A@@std@@@std@@QEAAXXZ 0000000140007d30 f i ClientMaster.obj
 0001:00006e70       ??0_Node@?$_Tree_nod@V?$_Tmap_traits@V?$basic_string@DU?$char_traits@D@std@@V?$allocator@D@2@@std@@UTalkID@@U?$less@V?$basic_string@DU?$char_traits@D@std@@V?$allocator@D@2@@std@@@2@V?$allocator@U?$pair@$$CBV?$basic_string@DU?$char_traits@D@std@@V?$allocator@D@2@@std@@UTalkID@@@std@@@2@$0A@@std@@@std@@QEAA@PEAU012@00AEBU?$pair@$$CBV?$basic_string@DU?$char_traits@D@std@@V?$allocator@D@2@@std@@UTalkID@@@2@D@Z 0000000140007e70 f i ClientMaster.obj
 0001:00006ef0       ??0?$_Tmap_traits@V?$basic_string@DU?$char_traits@D@std@@V?$allocator@D@2@@std@@UTalkID@@U?$less@V?$basic_string@DU?$char_traits@D@std@@V?$allocator@D@2@@std@@@2@V?$allocator@U?$pair@$$CBV?$basic_string@DU?$char_traits@D@std@@V?$allocator@D@2@@std@@UTalkID@@@std@@@2@$0A@@std@@QEAA@U?$less@V?$basic_string@DU?$char_traits@D@std@@V?$allocator@D@2@@std@@@1@V?$allocator@U?$pair@$$CBV?$basic_string@DU?$char_traits@D@std@@V?$allocator@D@2@@std@@UTalkID@@@std@@@1@@Z 0000000140007ef0 f i ClientMaster.obj
 0001:00006f40       ??$make_pair@V?$basic_string@DU?$char_traits@D@std@@V?$allocator@D@2@@std@@UTalkID@@@std@@YA?AU?$pair@V?$basic_string@DU?$char_traits@D@std@@V?$allocator@D@2@@std@@UTalkID@@@0@V?$basic_string@DU?$char_traits@D@std@@V?$allocator@D@2@@0@UTalkID@@@Z 0000000140007f40 f i ClientMaster.obj
 0001:00006f80       ??$?0V?$basic_string@DU?$char_traits@D@std@@V?$allocator@D@2@@std@@UTalkID@@@?$pair@$$CBV?$basic_string@DU?$char_traits@D@std@@V?$allocator@D@2@@std@@UTalkID@@@std@@QEAA@AEBU?$pair@V?$basic_string@DU?$char_traits@D@std@@V?$allocator@D@2@@std@@UTalkID@@@1@@Z 0000000140007f80 f i ClientMaster.obj
 0001:00006f80       ??0?$pair@$$CBV?$basic_string@DU?$char_traits@D@std@@V?$allocator@D@2@@std@@UTalkID@@@std@@QEAA@AEBU01@@Z 0000000140007f80 f i ClientMaster.obj
 0001:00006fc0       ??$swap@D@std@@YAXAEAD0@Z  0000000140007fc0 f i ClientMaster.obj
 0001:00007010       ??$?MDU?$char_traits@D@std@@V?$allocator@D@1@@std@@YA_NAEBV?$basic_string@DU?$char_traits@D@std@@V?$allocator@D@2@@0@0@Z 0000000140008010 f i ClientMaster.obj
 0001:00007050       ??$_Destroy@U_Node@?$_Tree_nod@V?$_Tmap_traits@V?$basic_string@DU?$char_traits@D@std@@V?$allocator@D@2@@std@@UTalkID@@U?$less@V?$basic_string@DU?$char_traits@D@std@@V?$allocator@D@2@@std@@@2@V?$allocator@U?$pair@$$CBV?$basic_string@DU?$char_traits@D@std@@V?$allocator@D@2@@std@@UTalkID@@@std@@@2@$0A@@std@@@std@@@std@@YAXPEAU_Node@?$_Tree_nod@V?$_Tmap_traits@V?$basic_string@DU?$char_traits@D@std@@V?$allocator@D@2@@std@@UTalkID@@U?$less@V?$basic_string@DU?$char_traits@D@std@@V?$allocator@D@2@@std@@@2@V?$allocator@U?$pair@$$CBV?$basic_string@DU?$char_traits@D@std@@V?$allocator@D@2@@std@@UTalkID@@@std@@@2@$0A@@std@@@0@@Z 0000000140008050 f i ClientMaster.obj
 0001:00007070       ??$_Allocate@U_Node@?$_Tree_nod@V?$_Tmap_traits@V?$basic_string@DU?$char_traits@D@std@@V?$allocator@D@2@@std@@UTalkID@@U?$less@V?$basic_string@DU?$char_traits@D@std@@V?$allocator@D@2@@std@@@2@V?$allocator@U?$pair@$$CBV?$basic_string@DU?$char_traits@D@std@@V?$allocator@D@2@@std@@UTalkID@@@std@@@2@$0A@@std@@@std@@@std@@YAPEAU_Node@?$_Tree_nod@V?$_Tmap_traits@V?$basic_string@DU?$char_traits@D@std@@V?$allocator@D@2@@std@@UTalkID@@U?$less@V?$basic_string@DU?$char_traits@D@std@@V?$allocator@D@2@@std@@@2@V?$allocator@U?$pair@$$CBV?$basic_string@DU?$char_traits@D@std@@V?$allocator@D@2@@std@@UTalkID@@@std@@@2@$0A@@std@@@0@_KPEAU120@@Z 0000000140008070 f i ClientMaster.obj
 0001:000070e0       ??_G_Node@?$_Tree_nod@V?$_Tmap_traits@V?$basic_string@DU?$char_traits@D@std@@V?$allocator@D@2@@std@@UTalkID@@U?$less@V?$basic_string@DU?$char_traits@D@std@@V?$allocator@D@2@@std@@@2@V?$allocator@U?$pair@$$CBV?$basic_string@DU?$char_traits@D@std@@V?$allocator@D@2@@std@@UTalkID@@@std@@@2@$0A@@std@@@std@@QEAAPEAXI@Z 00000001400080e0 f i ClientMaster.obj
 0001:00007120       ??1_Node@?$_Tree_nod@V?$_Tmap_traits@V?$basic_string@DU?$char_traits@D@std@@V?$allocator@D@2@@std@@UTalkID@@U?$less@V?$basic_string@DU?$char_traits@D@std@@V?$allocator@D@2@@std@@@2@V?$allocator@U?$pair@$$CBV?$basic_string@DU?$char_traits@D@std@@V?$allocator@D@2@@std@@UTalkID@@@std@@@2@$0A@@std@@@std@@QEAA@XZ 0000000140008120 f i ClientMaster.obj
 0001:00007140       ??0?$pair@V?$basic_string@DU?$char_traits@D@std@@V?$allocator@D@2@@std@@UTalkID@@@std@@QEAA@AEBV?$basic_string@DU?$char_traits@D@std@@V?$allocator@D@2@@1@AEBUTalkID@@@Z 0000000140008140 f i ClientMaster.obj
 0001:00007180       ??0IDmNetServer@@QEAA@XZ   0000000140008180 f i DmEnter.obj
 0001:000071a0       ??0IDmNetServer@@QEAA@AEBV0@@Z 00000001400081a0 f i DmEnter.obj
 0001:000071c0       ??0IDmNetClient@@QEAA@XZ   00000001400081c0 f i DmEnter.obj
 0001:000071e0       ??0IDmNetClient@@QEAA@AEBV0@@Z 00000001400081e0 f i DmEnter.obj
 0001:00007200       ??0IDmLic@@QEAA@XZ         0000000140008200 f i DmEnter.obj
 0001:00007220       ??0IDmLic@@QEAA@AEBV0@@Z   0000000140008220 f i DmEnter.obj
 0001:00007240       ??1DmEnterServer@@QEAA@XZ  0000000140008240 f i DmEnter.obj
 0001:00007280       ??6@YAAEAVSendMsg@@AEAV0@H@Z 0000000140008280 f i NetClientMsg.obj
 0001:000072b0       ??6@YAAEAVSendMsg@@AEAV0@PEBD@Z 00000001400082b0 f i NetClientMsg.obj
 0001:000072e0       ?length@?$basic_string@DU?$char_traits@D@std@@V?$allocator@D@2@@std@@QEBA_KXZ 00000001400082e0 f i NetServerMsg.obj
 0001:000072e0       ?size@?$basic_string@DU?$char_traits@D@std@@V?$allocator@D@2@@std@@QEBA_KXZ 00000001400082e0 f i ChannelMaster.obj
 0001:000072f0       ?size@?$list@PEAVSendMsg@@V?$allocator@PEAVSendMsg@@@std@@@std@@QEBA_KXZ 00000001400082f0 f i SendToAllMsgList.obj
 0001:00007300       ?push_back@?$list@PEAVSendMsg@@V?$allocator@PEAVSendMsg@@@std@@@std@@QEAAXAEBQEAVSendMsg@@@Z 0000000140008300 f i SendToAllMsgList.obj
 0001:00007380       ?_Insert@?$list@PEAVSendMsg@@V?$allocator@PEAVSendMsg@@@std@@@std@@QEAAXV?$_Const_iterator@$00@12@AEBQEAVSendMsg@@@Z 0000000140008380 f i SendToAllMsgList.obj
 0001:00007410       ??0_Container_base_aux@std@@QEAA@XZ 0000000140008410 f i ChannelMaster.obj
 0001:00007410       ??0?$allocator@U?$pair@$$CBV?$basic_string@DU?$char_traits@D@std@@V?$allocator@D@2@@std@@UTalkID@@@std@@@std@@QEAA@XZ 0000000140008410 f i ClientMaster.obj
 0001:00007410       ?_Nextnode@?$list@PEAVSendMsg@@V?$allocator@PEAVSendMsg@@@std@@@std@@KAAEAPEAU_Node@?$_List_nod@PEAVSendMsg@@V?$allocator@PEAVSendMsg@@@std@@@2@PEAU342@@Z 0000000140008410 f i SendToAllMsgList.obj
 0001:00007410       ??0?$allocator@PEAVSendMsg@@@std@@QEAA@XZ 0000000140008410 f i SendToAllMsgList.obj
 0001:00007410       ??0?$allocator@D@std@@QEAA@XZ 0000000140008410 f i ChannelMaster.obj
 0001:00007410       ?_Left@?$_Tree@V?$_Tmap_traits@V?$basic_string@DU?$char_traits@D@std@@V?$allocator@D@2@@std@@UTalkID@@U?$less@V?$basic_string@DU?$char_traits@D@std@@V?$allocator@D@2@@std@@@2@V?$allocator@U?$pair@$$CBV?$basic_string@DU?$char_traits@D@std@@V?$allocator@D@2@@std@@UTalkID@@@std@@@2@$0A@@std@@@std@@KAAEAPEAU_Node@?$_Tree_nod@V?$_Tmap_traits@V?$basic_string@DU?$char_traits@D@std@@V?$allocator@D@2@@std@@UTalkID@@U?$less@V?$basic_string@DU?$char_traits@D@std@@V?$allocator@D@2@@std@@@2@V?$allocator@U?$pair@$$CBV?$basic_string@DU?$char_traits@D@std@@V?$allocator@D@2@@std@@UTalkID@@@std@@@2@$0A@@std@@@2@PEAU342@@Z 0000000140008410 f i ClientMaster.obj
 0001:00007410       ??0?$allocator@UTalkID@@@std@@QEAA@XZ 0000000140008410 f i ChannelMaster.obj
 0001:00007410       ?_Nextnode@?$list@UTalkID@@V?$allocator@UTalkID@@@std@@@std@@KAAEAPEAU_Node@?$_List_nod@UTalkID@@V?$allocator@UTalkID@@@std@@@2@PEAU342@@Z 0000000140008410 f i SendToAllThread.obj
 0001:00007410       ??0?$allocator@UChannel@@@std@@QEAA@XZ 0000000140008410 f i ChannelMaster.obj
 0001:00007410       ?_Kfn@?$_Tmap_traits@V?$basic_string@DU?$char_traits@D@std@@V?$allocator@D@2@@std@@UTalkID@@U?$less@V?$basic_string@DU?$char_traits@D@std@@V?$allocator@D@2@@std@@@2@V?$allocator@U?$pair@$$CBV?$basic_string@DU?$char_traits@D@std@@V?$allocator@D@2@@std@@UTalkID@@@std@@@2@$0A@@std@@SAAEBV?$basic_string@DU?$char_traits@D@std@@V?$allocator@D@2@@2@AEBU?$pair@$$CBV?$basic_string@DU?$char_traits@D@std@@V?$allocator@D@2@@std@@UTalkID@@@2@@Z 0000000140008410 f i ClientMaster.obj
 0001:00007410       ??0NetMsg@Client@@QEAA@XZ  0000000140008410 f i DmNetClient:MsgQueue.obj
 0001:00007420       ?_Buynode@?$list@PEAVSendMsg@@V?$allocator@PEAVSendMsg@@@std@@@std@@IEAAPEAU_Node@?$_List_nod@PEAVSendMsg@@V?$allocator@PEAVSendMsg@@@std@@@2@PEAU342@0AEBQEAVSendMsg@@@Z 0000000140008420 f i SendToAllMsgList.obj
 0001:000074f0       ??0?$_List_ptr@PEAVSendMsg@@V?$allocator@PEAVSendMsg@@@std@@@std@@IEAA@V?$allocator@PEAVSendMsg@@@1@@Z 00000001400084f0 f i SendToAllMsgList.obj
 0001:000074f0       ??0?$_List_ptr@UTalkID@@V?$allocator@UTalkID@@@std@@@std@@IEAA@V?$allocator@UTalkID@@@1@@Z 00000001400084f0 f i SendToAllThread.obj
 0001:00007550       ?construct@?$allocator@PEAVSendMsg@@@std@@QEAAXPEAPEAVSendMsg@@AEBQEAV3@@Z 0000000140008550 f i SendToAllMsgList.obj
 0001:00007550       ?construct@?$allocator@PEAU_Node@?$_List_nod@PEAVSendMsg@@V?$allocator@PEAVSendMsg@@@std@@@std@@@std@@QEAAXPEAPEAU_Node@?$_List_nod@PEAVSendMsg@@V?$allocator@PEAVSendMsg@@@std@@@2@AEBQEAU342@@Z 0000000140008550 f i SendToAllMsgList.obj
 0001:00007550       ?construct@?$allocator@PEAU_Node@?$_Tree_nod@V?$_Tmap_traits@V?$basic_string@DU?$char_traits@D@std@@V?$allocator@D@2@@std@@UTalkID@@U?$less@V?$basic_string@DU?$char_traits@D@std@@V?$allocator@D@2@@std@@@2@V?$allocator@U?$pair@$$CBV?$basic_string@DU?$char_traits@D@std@@V?$allocator@D@2@@std@@UTalkID@@@std@@@2@$0A@@std@@@std@@@std@@QEAAXPEAPEAU_Node@?$_Tree_nod@V?$_Tmap_traits@V?$basic_string@DU?$char_traits@D@std@@V?$allocator@D@2@@std@@UTalkID@@U?$less@V?$basic_string@DU?$char_traits@D@std@@V?$allocator@D@2@@std@@@2@V?$allocator@U?$pair@$$CBV?$basic_string@DU?$char_traits@D@std@@V?$allocator@D@2@@std@@UTalkID@@@std@@@2@$0A@@std@@@2@AEBQEAU342@@Z 0000000140008550 f i ClientMaster.obj
 0001:00007550       ?construct@?$allocator@PEAU_Node@?$_List_nod@UTalkID@@V?$allocator@UTalkID@@@std@@@std@@@std@@QEAAXPEAPEAU_Node@?$_List_nod@UTalkID@@V?$allocator@UTalkID@@@std@@@2@AEBQEAU342@@Z 0000000140008550 f i SendToAllThread.obj
 0001:00007580       ?_Myval@?$list@UTalkID@@V?$allocator@UTalkID@@@std@@@std@@KAAEAUTalkID@@PEAU_Node@?$_List_nod@UTalkID@@V?$allocator@UTalkID@@@std@@@2@@Z 0000000140008580 f i SendToAllThread.obj
 0001:00007580       ?_Right@?$_Tree@V?$_Tmap_traits@V?$basic_string@DU?$char_traits@D@std@@V?$allocator@D@2@@std@@UTalkID@@U?$less@V?$basic_string@DU?$char_traits@D@std@@V?$allocator@D@2@@std@@@2@V?$allocator@U?$pair@$$CBV?$basic_string@DU?$char_traits@D@std@@V?$allocator@D@2@@std@@UTalkID@@@std@@@2@$0A@@std@@@std@@KAAEAPEAU_Node@?$_Tree_nod@V?$_Tmap_traits@V?$basic_string@DU?$char_traits@D@std@@V?$allocator@D@2@@std@@UTalkID@@U?$less@V?$basic_string@DU?$char_traits@D@std@@V?$allocator@D@2@@std@@@2@V?$allocator@U?$pair@$$CBV?$basic_string@DU?$char_traits@D@std@@V?$allocator@D@2@@std@@UTalkID@@@std@@@2@$0A@@std@@@2@PEAU342@@Z 0000000140008580 f i ClientMaster.obj
 0001:00007580       ?_Myval@?$list@PEAVSendMsg@@V?$allocator@PEAVSendMsg@@@std@@@std@@KAAEAPEAVSendMsg@@PEAU_Node@?$_List_nod@PEAVSendMsg@@V?$allocator@PEAVSendMsg@@@std@@@2@@Z 0000000140008580 f i SendToAllMsgList.obj
 0001:00007590       ??0?$_Bidit@UTalkID@@_JPEBU1@AEBU1@@std@@QEAA@XZ 0000000140008590 f i SendToAllThread.obj
 0001:00007590       ??0?$_Bidit@PEAVSendMsg@@_JPEBQEAV1@AEBQEAV1@@std@@QEAA@XZ 0000000140008590 f i SendToAllMsgList.obj
 0001:00007590       ??0?$_Bidit@U?$pair@$$CBV?$basic_string@DU?$char_traits@D@std@@V?$allocator@D@2@@std@@UTalkID@@@std@@_JPEBU12@AEBU12@@std@@QEAA@XZ 0000000140008590 f i ClientMaster.obj
 0001:00007590       ??0?$_Ranit@UTalkID@@_JPEBU1@AEBU1@@std@@QEAA@XZ 0000000140008590 f i ChannelMaster.obj
 0001:00007590       ??0?$_Ranit@UChannel@@_JPEBU1@AEBU1@@std@@QEAA@XZ 0000000140008590 f i ChannelMaster.obj
 0001:000075b0       ??0?$_Container_base_aux_alloc_real@V?$allocator@U?$pair@$$CBV?$basic_string@DU?$char_traits@D@std@@V?$allocator@D@2@@std@@UTalkID@@@std@@@std@@@std@@IEAA@V?$allocator@U?$pair@$$CBV?$basic_string@DU?$char_traits@D@std@@V?$allocator@D@2@@std@@UTalkID@@@std@@@1@@Z 00000001400085b0 f i ClientMaster.obj
 0001:000075b0       ??0?$_Container_base_aux_alloc_real@V?$allocator@UTalkID@@@std@@@std@@IEAA@V?$allocator@UTalkID@@@1@@Z 00000001400085b0 f i ChannelMaster.obj
 0001:000075b0       ??0?$_Container_base_aux_alloc_real@V?$allocator@PEAVSendMsg@@@std@@@std@@IEAA@V?$allocator@PEAVSendMsg@@@1@@Z 00000001400085b0 f i SendToAllMsgList.obj
 0001:000075b0       ??0?$_Container_base_aux_alloc_real@V?$allocator@UChannel@@@std@@@std@@IEAA@V?$allocator@UChannel@@@1@@Z 00000001400085b0 f i ChannelMaster.obj
 0001:00007640       ??$_Construct@PEAU_Node@?$_List_nod@UTalkID@@V?$allocator@UTalkID@@@std@@@std@@PEAU123@@std@@YAXPEAPEAU_Node@?$_List_nod@UTalkID@@V?$allocator@UTalkID@@@std@@@0@AEBQEAU120@@Z 0000000140008640 f i SendToAllThread.obj
 0001:00007640       ??$_Construct@PEAU_Node@?$_Tree_nod@V?$_Tmap_traits@V?$basic_string@DU?$char_traits@D@std@@V?$allocator@D@2@@std@@UTalkID@@U?$less@V?$basic_string@DU?$char_traits@D@std@@V?$allocator@D@2@@std@@@2@V?$allocator@U?$pair@$$CBV?$basic_string@DU?$char_traits@D@std@@V?$allocator@D@2@@std@@UTalkID@@@std@@@2@$0A@@std@@@std@@PEAU123@@std@@YAXPEAPEAU_Node@?$_Tree_nod@V?$_Tmap_traits@V?$basic_string@DU?$char_traits@D@std@@V?$allocator@D@2@@std@@UTalkID@@U?$less@V?$basic_string@DU?$char_traits@D@std@@V?$allocator@D@2@@std@@@2@V?$allocator@U?$pair@$$CBV?$basic_string@DU?$char_traits@D@std@@V?$allocator@D@2@@std@@UTalkID@@@std@@@2@$0A@@std@@@0@AEBQEAU120@@Z 0000000140008640 f i ClientMaster.obj
 0001:00007640       ??$_Construct@PEAVSendMsg@@PEAV1@@std@@YAXPEAPEAVSendMsg@@AEBQEAV1@@Z 0000000140008640 f i SendToAllMsgList.obj
[...]
 0001:000306e0       ?catch$1@?0??_Insert_n@?$vector@V?$basic_string@DU?$char_traits@D@std@@V?$allocator@D@2@@std@@V?$allocator@V?$basic_string@DU?$char_traits@D@std@@V?$allocator@D@2@@std@@@2@@std@@IEAAXV?$_Vector_const_iterator@V?$basic_string@DU?$char_traits@D@std@@V?$allocator@D@2@@std@@V?$allocator@V?$basic_string@DU?$char_traits@D@std@@V?$allocator@D@2@@std@@@2@@2@_KAEBV?$basic_string@DU?$char_traits@D@std@@V?$allocator@D@2@@2@@Z@4HA 00000001400316e0 f   DmNetServer:NetServer.obj
 0001:000306ed       __catch$?_Insert_n@?$vector@V?$basic_string@DU?$char_traits@D@std@@V?$allocator@D@2@@std@@V?$allocator@V?$basic_string@DU?$char_traits@D@std@@V?$allocator@D@2@@std@@@2@@std@@IEAAXV?$_Vector_const_iterator@V?$basic_string@DU?$char_traits@D@std@@V?$allocator@D@2@@std@@V?$allocator@V?$basic_string@DU?$char_traits@D@std@@V?$allocator@D@2@@std@@@2@@2@_KAEBV?$basic_string@DU?$char_traits@D@std@@V?$allocator@D@2@@2@@Z$2 00000001400316ed f   DmNetServer:NetServer.obj
 0001:00030740       ?dtor$1@?0??_Insert_n@?$vector@V?$basic_string@DU?$char_traits@D@std@@V?$allocator@D@2@@std@@V?$allocator@V?$basic_string@DU?$char_traits@D@std@@V?$allocator@D@2@@std@@@2@@std@@IEAAXV?$_Vector_const_iterator@V?$basic_string@DU?$char_traits@D@std@@V?$allocator@D@2@@std@@V?$allocator@V?$basic_string@DU?$char_traits@D@std@@V?$allocator@D@2@@std@@@2@@2@_KAEBV?$basic_string@DU?$char_traits@D@std@@V?$allocator@D@2@@2@@Z@4HA 0000000140031740 f   DmNetServer:NetServer.obj
 0001:00030760       ?dtor$0@?0??_Xlen@?$vector@V?$basic_string@DU?$char_traits@D@std@@V?$allocator@D@2@@std@@V?$allocator@V?$basic_string@DU?$char_traits@D@std@@V?$allocator@D@2@@std@@@2@@std@@KAXXZ@4HA 0000000140031760 f   DmNetServer:NetServer.obj
 0001:00030780       ?dtor$0@?0???0?$_Container_base_aux_alloc_real@V?$allocator@V?$basic_string@DU?$char_traits@D@std@@V?$allocator@D@2@@std@@@std@@@std@@IEAA@V?$allocator@V?$basic_string@DU?$char_traits@D@std@@V?$allocator@D@2@@std@@@1@@Z@4HA 0000000140031780 f   DmNetServer:NetServer.obj
 0001:000307a0       ?dtor$1@?0???0?$_Container_base_aux_alloc_real@V?$allocator@V?$basic_string@DU?$char_traits@D@std@@V?$allocator@D@2@@std@@@std@@@std@@IEAA@V?$allocator@V?$basic_string@DU?$char_traits@D@std@@V?$allocator@D@2@@std@@@1@@Z@4HA 00000001400317a0 f   DmNetServer:NetServer.obj
 0001:000307c0       ?catch$0@?0???$_Uninit_fill_n@PEAV?$basic_string@DU?$char_traits@D@std@@V?$allocator@D@2@@std@@_KV12@V?$allocator@V?$basic_string@DU?$char_traits@D@std@@V?$allocator@D@2@@std@@@2@@std@@YAXPEAV?$basic_string@DU?$char_traits@D@std@@V?$allocator@D@2@@0@_KAEBV10@AEAV?$allocator@V?$basic_string@DU?$char_traits@D@std@@V?$allocator@D@2@@std@@@0@U_Nonscalar_ptr_iterator_tag@0@U_Range_checked_iterator_tag@0@@Z@4HA 00000001400317c0 f   DmNetServer:NetServer.obj
 0001:000307cd       __catch$??$_Uninit_fill_n@PEAV?$basic_string@DU?$char_traits@D@std@@V?$allocator@D@2@@std@@_KV12@V?$allocator@V?$basic_string@DU?$char_traits@D@std@@V?$allocator@D@2@@std@@@2@@std@@YAXPEAV?$basic_string@DU?$char_traits@D@std@@V?$allocator@D@2@@0@_KAEBV10@AEAV?$allocator@V?$basic_string@DU?$char_traits@D@std@@V?$allocator@D@2@@std@@@0@U_Nonscalar_ptr_iterator_tag@0@U_Range_checked_iterator_tag@0@@Z$0 00000001400317cd f   DmNetServer:NetServer.obj
 0001:00030810       ?dtor$0@?0???$_Uninit_move@PEAV?$basic_string@DU?$char_traits@D@std@@V?$allocator@D@2@@std@@PEAV12@V?$allocator@V?$basic_string@DU?$char_traits@D@std@@V?$allocator@D@2@@std@@@2@@std@@YAPEAV?$basic_string@DU?$char_traits@D@std@@V?$allocator@D@2@@0@PEAV10@00AEAV?$allocator@V?$basic_string@DU?$char_traits@D@std@@V?$allocator@D@2@@std@@@0@U_Swap_move_tag@0@U_Range_checked_iterator_tag@0@@Z@4HA 0000000140031810 f   DmNetServer:NetServer.obj
 0001:00030830       ?catch$0@?0???$_Uninit_move@PEAV?$basic_string@DU?$char_traits@D@std@@V?$allocator@D@2@@std@@PEAV12@V?$allocator@V?$basic_string@DU?$char_traits@D@std@@V?$allocator@D@2@@std@@@2@@std@@YAPEAV?$basic_string@DU?$char_traits@D@std@@V?$allocator@D@2@@0@PEAV10@00AEAV?$allocator@V?$basic_string@DU?$char_traits@D@std@@V?$allocator@D@2@@std@@@0@U_Swap_move_tag@0@U_Range_checked_iterator_tag@0@@Z@4HA 0000000140031830 f   DmNetServer:NetServer.obj
 0001:0003083d       __catch$??$_Uninit_move@PEAV?$basic_string@DU?$char_traits@D@std@@V?$allocator@D@2@@std@@PEAV12@V?$allocator@V?$basic_string@DU?$char_traits@D@std@@V?$allocator@D@2@@std@@@2@@std@@YAPEAV?$basic_string@DU?$char_traits@D@std@@V?$allocator@D@2@@0@PEAV10@00AEAV?$allocator@V?$basic_string@DU?$char_traits@D@std@@V?$allocator@D@2@@std@@@0@U_Swap_move_tag@0@U_Range_checked_iterator_tag@0@@Z$0 000000014003183d f   DmNetServer:NetServer.obj
 0001:00030890       ?dtor$0@?0???$_Construct@V?$basic_string@DU?$char_traits@D@std@@V?$allocator@D@2@@std@@V12@@std@@YAXPEAV?$basic_string@DU?$char_traits@D@std@@V?$allocator@D@2@@0@AEBV10@@Z@4HA 0000000140031890 f   DmNetServer:NetServer.obj
 0001:000308b0       ?dtor$0@?0??swap@?$basic_string@DU?$char_traits@D@std@@V?$allocator@D@2@@std@@QEAAXAEAV12@@Z@4HA 00000001400318b0 f   DmNetServer:NetServer.obj
 0001:000308d0       ?dtor$0@?0??Config@MsgQueue@@QEAAXXZ@4HA 00000001400318d0 f   DmNetServer:MsgQueue.obj
 0001:000308f0       ?dtor$1@?0??Config@MsgQueue@@QEAAXXZ@4HA 00000001400318f0 f   DmNetServer:MsgQueue.obj
 0001:00030910       ?dtor$0@?0???0SocketMaster@@QEAA@H@Z@4HA 0000000140031910 f   DmNetServer:SocketMaster.obj
 0001:00030930       ?dtor$0@?0???0Socket@@QEAA@XZ@4HA 0000000140031930 f   DmNetServer:Socket.obj
 0001:00030950       ?dtor$1@?0???0Socket@@QEAA@XZ@4HA 0000000140031950 f   DmNetServer:Socket.obj
 0001:00030970       ?dtor$0@?0???0RecvLoopBuf@@QEAA@HHH@Z@4HA 0000000140031970 f   DmNetServer:RecvLoopBuf.obj
 0001:00030990       ?dtor$0@?0???1RecvLoopBuf@@UEAA@XZ@4HA 0000000140031990 f   DmNetServer:RecvLoopBuf.obj
 0001:000309b0       ?dtor$0@?0???0SendLoopBuf@@QEAA@HHH@Z@4HA 00000001400319b0 f   DmNetServer:SendLoopBuf.obj
 0001:000309d0       ?dtor$0@?0???1SendLoopBuf@@UEAA@XZ@4HA 00000001400319d0 f   DmNetServer:SendLoopBuf.obj
 0001:000309e8       ?filt$0@?0??__ArrayUnwind@@YAXPEAX_KHP6AX0@Z@Z@4HA 00000001400319e8 f   LIBCMT:ehvecdtr.obj
 0001:00030a27       ?fin$0@?0???_M@YAXPEAX_KHP6AX0@Z@Z@4HA 0000000140031a27 f   LIBCMT:ehvecdtr.obj
 0001:00030a51       ?fin$0@?0???_L@YAXPEAX_KHP6AX0@Z2@Z@4HA 0000000140031a51 f   LIBCMT:ehvecctr.obj
 0001:00030a80       ?dtor$0@?0???0RecvLoopBuf@Client@@QEAA@HHH@Z@4HA 0000000140031a80 f    CIL library: CIL module
 0001:00030aa0       ?dtor$0@?0??Config@MsgQueue@Client@@QEAAXHH@Z@4HA 0000000140031aa0 f    CIL library: CIL module
 0001:00030ac0       ?dtor$1@?0??Config@MsgQueue@Client@@QEAAXHH@Z@4HA 0000000140031ac0 f    CIL library: CIL module
 0001:00030ae0       ?dtor$0@?0???0SendLoopBuf@Client@@QEAA@HHH@Z@4HA 0000000140031ae0 f    CIL library: CIL module
 0001:00030b00       ?filt$0@?0??_LogicThread@NetClient@@CAKPEAX@Z@4HA 0000000140031b00 f    CIL library: CIL module
 0001:00030b30       ?filt$0@?0??_WorkThread@NetClient@@CAKPEAX@Z@4HA 0000000140031b30 f    CIL library: CIL module
 0001:00030b60       ?dtor$0@?0??ClientStart@NetClient@@UEAA_NPEADH@Z@4HA 0000000140031b60 f    CIL library: CIL module
 0001:00030b80       ?dtor$1@?0??ClientStart@NetClient@@UEAA_NPEADH@Z@4HA 0000000140031b80 f    CIL library: CIL module
 0001:00030bb0       ?filt$0@?0??_SendToAllThread@DmEnterServer@@CAKPEAX@Z@4HA 0000000140031bb0 f    CIL library: CIL module
 0001:00030be0       ?catch$0@?0??DePack@RecvMsg@@QEAA_NXZ@4HA 0000000140031be0 f    CIL library: CIL module
 0001:00030bed       __catch$?DePack@RecvMsg@@QEAA_NXZ$0 0000000140031bed f    CIL library: CIL module
 0001:00030c10       ?catch$0@?0??_Buynode@?$list@UTalkID@@V?$allocator@UTalkID@@@std@@@std@@IEAAPEAU_Node@?$_List_nod@UTalkID@@V?$allocator@UTalkID@@@std@@@2@XZ@4HA 0000000140031c10 f    CIL library: CIL module
 0001:00030c10       ?catch$0@?0??_Buynode@?$list@PEAVSendMsg@@V?$allocator@PEAVSendMsg@@@std@@@std@@IEAAPEAU_Node@?$_List_nod@PEAVSendMsg@@V?$allocator@PEAVSendMsg@@@std@@@2@XZ@4HA 0000000140031c10 f    CIL library: CIL module
 0001:00030c1d       __catch$?_Buynode@?$list@PEAVSendMsg@@V?$allocator@PEAVSendMsg@@@std@@@std@@IEAAPEAU_Node@?$_List_nod@PEAVSendMsg@@V?$allocator@PEAVSendMsg@@@std@@@2@XZ$0 0000000140031c1d f    CIL library: CIL module
 0001:00030c1d       __catch$?_Buynode@?$list@UTalkID@@V?$allocator@UTalkID@@@std@@@std@@IEAAPEAU_Node@?$_List_nod@UTalkID@@V?$allocator@UTalkID@@@std@@@2@XZ$0 0000000140031c1d f    CIL library: CIL module
 0001:00030c70       ?catch$0@?0??_Buynode@?$list@PEAVSendMsg@@V?$allocator@PEAVSendMsg@@@std@@@std@@IEAAPEAU_Node@?$_List_nod@PEAVSendMsg@@V?$allocator@PEAVSendMsg@@@std@@@2@PEAU342@0AEBQEAVSendMsg@@@Z@4HA 0000000140031c70 f    CIL library: CIL module
 0001:00030c7d       __catch$?_Buynode@?$list@PEAVSendMsg@@V?$allocator@PEAVSendMsg@@@std@@@std@@IEAAPEAU_Node@?$_List_nod@PEAVSendMsg@@V?$allocator@PEAVSendMsg@@@std@@@2@PEAU342@0AEBQEAVSendMsg@@@Z$0 0000000140031c7d f    CIL library: CIL module
 0001:00030cf0       ?catch$0@?0??_Buynode@?$_Tree@V?$_Tmap_traits@V?$basic_string@DU?$char_traits@D@std@@V?$allocator@D@2@@std@@UTalkID@@U?$less@V?$basic_string@DU?$char_traits@D@std@@V?$allocator@D@2@@std@@@2@V?$allocator@U?$pair@$$CBV?$basic_string@DU?$char_traits@D@std@@V?$allocator@D@2@@std@@UTalkID@@@std@@@2@$0A@@std@@@std@@IEAAPEAU_Node@?$_Tree_nod@V?$_Tmap_traits@V?$basic_string@DU?$char_traits@D@std@@V?$allocator@D@2@@std@@UTalkID@@U?$less@V?$basic_string@DU?$char_traits@D@std@@V?$allocator@D@2@@std@@@2@V?$allocator@U?$pair@$$CBV?$basic_string@DU?$char_traits@D@std@@V?$allocator@D@2@@std@@UTalkID@@@std@@@2@$0A@@std@@@2@XZ@4HA 0000000140031cf0 f    CIL library: CIL module
 0001:00030cfd       __catch$?_Buynode@?$_Tree@V?$_Tmap_traits@V?$basic_string@DU?$char_traits@D@std@@V?$allocator@D@2@@std@@UTalkID@@U?$less@V?$basic_string@DU?$char_traits@D@std@@V?$allocator@D@2@@std@@@2@V?$allocator@U?$pair@$$CBV?$basic_string@DU?$char_traits@D@std@@V?$allocator@D@2@@std@@UTalkID@@@std@@@2@$0A@@std@@@std@@IEAAPEAU_Node@?$_Tree_nod@V?$_Tmap_traits@V?$basic_string@DU?$char_traits@D@std@@V?$allocator@D@2@@std@@UTalkID@@U?$less@V?$basic_string@DU?$char_traits@D@std@@V?$allocator@D@2@@std@@@2@V?$allocator@U?$pair@$$CBV?$basic_string@DU?$char_traits@D@std@@V?$allocator@D@2@@std@@UTalkID@@@std@@@2@$0A@@std@@@2@XZ$0 0000000140031cfd f    CIL library: CIL module
 0001:00030d70       ?catch$0@?0???$_Uninit_fill_n@PEAUTalkID@@_KU1@V?$allocator@UTalkID@@@std@@@std@@YAXPEAUTalkID@@_KAEBU1@AEAV?$allocator@UTalkID@@@0@U_Nonscalar_ptr_iterator_tag@0@U_Range_checked_iterator_tag@0@@Z@4HA 0000000140031d70 f    CIL library: CIL module
 0001:00030d7d       __catch$??$_Uninit_fill_n@PEAUTalkID@@_KU1@V?$allocator@UTalkID@@@std@@@std@@YAXPEAUTalkID@@_KAEBU1@AEAV?$allocator@UTalkID@@@0@U_Nonscalar_ptr_iterator_tag@0@U_Range_checked_iterator_tag@0@@Z$0 0000000140031d7d f    CIL library: CIL module
 0001:00030dc0       ?catch$0@?0??_Buynode@?$list@UTalkID@@V?$allocator@UTalkID@@@std@@@std@@IEAAPEAU_Node@?$_List_nod@UTalkID@@V?$allocator@UTalkID@@@std@@@2@PEAU342@0AEBUTalkID@@@Z@4HA 0000000140031dc0 f    CIL library: CIL module
 0001:00030dcd       __catch$?_Buynode@?$list@UTalkID@@V?$allocator@UTalkID@@@std@@@std@@IEAAPEAU_Node@?$_List_nod@UTalkID@@V?$allocator@UTalkID@@@std@@@2@PEAU342@0AEBUTalkID@@@Z$0 0000000140031dcd f    CIL library: CIL module
 0001:00030e40       ?catch$0@?0???$_Uninit_copy@PEBUTalkID@@PEAU1@V?$allocator@UTalkID@@@std@@@std@@YAPEAUTalkID@@PEBU1@0PEAU1@AEAV?$allocator@UTalkID@@@0@U_Nonscalar_ptr_iterator_tag@0@U_Range_checked_iterator_tag@0@@Z@4HA 0000000140031e40 f    CIL library: CIL module
 0001:00030e40       ?catch$0@?0???$_Uninit_copy@PEAUTalkID@@PEAU1@V?$allocator@UTalkID@@@std@@@std@@YAPEAUTalkID@@PEAU1@00AEAV?$allocator@UTalkID@@@0@U_Nonscalar_ptr_iterator_tag@0@U_Range_checked_iterator_tag@0@@Z@4HA 0000000140031e40 f    CIL library: CIL module
 0001:00030e4d       __catch$??$_Uninit_copy@PEAUTalkID@@PEAU1@V?$allocator@UTalkID@@@std@@@std@@YAPEAUTalkID@@PEAU1@00AEAV?$allocator@UTalkID@@@0@U_Nonscalar_ptr_iterator_tag@0@U_Range_checked_iterator_tag@0@@Z$0 0000000140031e4d f    CIL library: CIL module
 0001:00030e4d       __catch$??$_Uninit_copy@PEBUTalkID@@PEAU1@V?$allocator@UTalkID@@@std@@@std@@YAPEAUTalkID@@PEBU1@0PEAU1@AEAV?$allocator@UTalkID@@@0@U_Nonscalar_ptr_iterator_tag@0@U_Range_checked_iterator_tag@0@@Z$0 0000000140031e4d f    CIL library: CIL module
 0001:00030e90       ?catch$1@?0??_Copy@?$basic_string@DU?$char_traits@D@std@@V?$allocator@D@2@@std@@IEAAX_K0@Z@4HA 0000000140031e90 f    CIL library: CIL module
 0001:00030e9d       __catch$?_Copy@?$basic_string@DU?$char_traits@D@std@@V?$allocator@D@2@@std@@IEAAX_K0@Z$0 0000000140031e9d f    CIL library: CIL module
 0001:00030ed0       ?catch$0@?0??_Copy@?$basic_string@DU?$char_traits@D@std@@V?$allocator@D@2@@std@@IEAAX_K0@Z@4HA 0000000140031ed0 f    CIL library: CIL module
 0001:00030edd       __catch$?_Copy@?$basic_string@DU?$char_traits@D@std@@V?$allocator@D@2@@std@@IEAAX_K0@Z$1 0000000140031edd f    CIL library: CIL module
 0001:00030f10       ?catch$0@?0??_Buynode@?$_Tree@V?$_Tmap_traits@V?$basic_string@DU?$char_traits@D@std@@V?$allocator@D@2@@std@@UTalkID@@U?$less@V?$basic_string@DU?$char_traits@D@std@@V?$allocator@D@2@@std@@@2@V?$allocator@U?$pair@$$CBV?$basic_string@DU?$char_traits@D@std@@V?$allocator@D@2@@std@@UTalkID@@@std@@@2@$0A@@std@@@std@@IEAAPEAU_Node@?$_Tree_nod@V?$_Tmap_traits@V?$basic_string@DU?$char_traits@D@std@@V?$allocator@D@2@@std@@UTalkID@@U?$less@V?$basic_string@DU?$char_traits@D@std@@V?$allocator@D@2@@std@@@2@V?$allocator@U?$pair@$$CBV?$basic_string@DU?$char_traits@D@std@@V?$allocator@D@2@@std@@UTalkID@@@std@@@2@$0A@@std@@@2@PEAU342@00AEBU?$pair@$$CBV?$basic_string@DU?$char_traits@D@std@@V?$allocator@D@2@@std@@UTalkID@@@2@D@Z@4HA 0000000140031f10 f    CIL library: CIL module
 0001:00030f1d       __catch$?_Buynode@?$_Tree@V?$_Tmap_traits@V?$basic_string@DU?$char_traits@D@std@@V?$allocator@D@2@@std@@UTalkID@@U?$less@V?$basic_string@DU?$char_traits@D@std@@V?$allocator@D@2@@std@@@2@V?$allocator@U?$pair@$$CBV?$basic_string@DU?$char_traits@D@std@@V?$allocator@D@2@@std@@UTalkID@@@std@@@2@$0A@@std@@@std@@IEAAPEAU_Node@?$_Tree_nod@V?$_Tmap_traits@V?$basic_string@DU?$char_traits@D@std@@V?$allocator@D@2@@std@@UTalkID@@U?$less@V?$basic_string@DU?$char_traits@D@std@@V?$allocator@D@2@@std@@@2@V?$allocator@U?$pair@$$CBV?$basic_string@DU?$char_traits@D@std@@V?$allocator@D@2@@std@@UTalkID@@@std@@@2@$0A@@std@@@2@PEAU342@00AEBU?$pair@$$CBV?$basic_string@DU?$char_traits@D@std@@V?$allocator@D@2@@std@@UTalkID@@@2@D@Z$0 0000000140031f1d f    CIL library: CIL module
 0001:00030f50       ?catch$0@?0??_Insert_n@?$vector@UTalkID@@V?$allocator@UTalkID@@@std@@@std@@IEAAXV?$_Vector_const_iterator@UTalkID@@V?$allocator@UTalkID@@@std@@@2@_KAEBUTalkID@@@Z@4HA 0000000140031f50 f    CIL library: CIL module
 0001:00030f5d       __catch$?_Insert_n@?$vector@UTalkID@@V?$allocator@UTalkID@@@std@@@std@@IEAAXV?$_Vector_const_iterator@UTalkID@@V?$allocator@UTalkID@@@std@@@2@_KAEBUTalkID@@@Z$0 0000000140031f5d f    CIL library: CIL module
 0001:00030fa0       ?catch$1@?0??_Insert_n@?$vector@UTalkID@@V?$allocator@UTalkID@@@std@@@std@@IEAAXV?$_Vector_const_iterator@UTalkID@@V?$allocator@UTalkID@@@std@@@2@_KAEBUTalkID@@@Z@4HA 0000000140031fa0 f    CIL library: CIL module
 0001:00030fad       __catch$?_Insert_n@?$vector@UTalkID@@V?$allocator@UTalkID@@@std@@@std@@IEAAXV?$_Vector_const_iterator@UTalkID@@V?$allocator@UTalkID@@@std@@@2@_KAEBUTalkID@@@Z$2 0000000140031fad f    CIL library: CIL module
 0001:00031000       ?catch$0@?0???0?$vector@UTalkID@@V?$allocator@UTalkID@@@std@@@std@@QEAA@AEBV01@@Z@4HA 0000000140032000 f    CIL library: CIL module
 0001:0003100d       __catch$??0?$vector@UTalkID@@V?$allocator@UTalkID@@@std@@@std@@QEAA@AEBV01@@Z$0 000000014003200d f    CIL library: CIL module
 0001:00031040       ?catch$0@?0???$_Uninit_fill_n@PEAUChannel@@_KU1@V?$allocator@UChannel@@@std@@@std@@YAXPEAUChannel@@_KAEBU1@AEAV?$allocator@UChannel@@@0@U_Nonscalar_ptr_iterator_tag@0@U_Range_checked_iterator_tag@0@@Z@4HA 0000000140032040 f    CIL library: CIL module
 0001:0003104d       __catch$??$_Uninit_fill_n@PEAUChannel@@_KU1@V?$allocator@UChannel@@@std@@@std@@YAXPEAUChannel@@_KAEBU1@AEAV?$allocator@UChannel@@@0@U_Nonscalar_ptr_iterator_tag@0@U_Range_checked_iterator_tag@0@@Z$0 000000014003204d f    CIL library: CIL module
 0001:00031090       ?catch$0@?0???$_Uninit_copy@PEAUChannel@@PEAU1@V?$allocator@UChannel@@@std@@@std@@YAPEAUChannel@@PEAU1@00AEAV?$allocator@UChannel@@@0@U_Nonscalar_ptr_iterator_tag@0@U_Range_checked_iterator_tag@0@@Z@4HA 0000000140032090 f    CIL library: CIL module
 0001:0003109d       __catch$??$_Uninit_copy@PEAUChannel@@PEAU1@V?$allocator@UChannel@@@std@@@std@@YAPEAUChannel@@PEAU1@00AEAV?$allocator@UChannel@@@0@U_Nonscalar_ptr_iterator_tag@0@U_Range_checked_iterator_tag@0@@Z$0 000000014003209d f    CIL library: CIL module
 0001:000310e0       ?catch$0@?0??_Insert_n@?$vector@UChannel@@V?$allocator@UChannel@@@std@@@std@@IEAAXV?$_Vector_const_iterator@UChannel@@V?$allocator@UChannel@@@std@@@2@_KAEBUChannel@@@Z@4HA 00000001400320e0 f    CIL library: CIL module
 0001:000310ed       __catch$?_Insert_n@?$vector@UChannel@@V?$allocator@UChannel@@@std@@@std@@IEAAXV?$_Vector_const_iterator@UChannel@@V?$allocator@UChannel@@@std@@@2@_KAEBUChannel@@@Z$0 00000001400320ed f    CIL library: CIL module
 0001:00031140       ?catch$1@?0??_Insert_n@?$vector@UChannel@@V?$allocator@UChannel@@@std@@@std@@IEAAXV?$_Vector_const_iterator@UChannel@@V?$allocator@UChannel@@@std@@@2@_KAEBUChannel@@@Z@4HA 0000000140032140 f    CIL library: CIL module
 0001:0003114d       __catch$?_Insert_n@?$vector@UChannel@@V?$allocator@UChannel@@@std@@@std@@IEAAXV?$_Vector_const_iterator@UChannel@@V?$allocator@UChannel@@@std@@@2@_KAEBUChannel@@@Z$2 000000014003214d f    CIL library: CIL module
 0001:000311a0       ??__Eg_pDmLic@@YAXXZ       00000001400321a0 f    CIL library: CIL module
 0001:000311d0       ??__Eg_DmNetServer@@YAXXZ  00000001400321d0 f   DmNetServer:NetServer.obj
 0001:00031200       ??__Fnomem@?5???2@YAPEAX_K@Z@YAXXZ 0000000140032200 f   LIBCMT:new.obj
 0001:00031220       ??__Fg_DmNetServer@@YAXXZ  0000000140032220 f   DmNetServer:NetServer.obj

 Exports

  ordinal    name

        1    ??0IDmLic@@QEAA@AEBV0@@Z (public: __cdecl IDmLic::IDmLic(class IDmLic const &))
        2    ??0IDmLic@@QEAA@XZ (public: __cdecl IDmLic::IDmLic(void))
        3    ??0IDmNetClient@@QEAA@AEBV0@@Z (public: __cdecl IDmNetClient::IDmNetClient(class IDmNetClient const &))
        4    ??0IDmNetClient@@QEAA@XZ (public: __cdecl IDmNetClient::IDmNetClient(void))
        5    ??0IDmNetServer@@QEAA@AEBV0@@Z (public: __cdecl IDmNetServer::IDmNetServer(class IDmNetServer const &))
        6    ??0IDmNetServer@@QEAA@XZ (public: __cdecl IDmNetServer::IDmNetServer(void))
        7    ??4IDmLic@@QEAAAEAV0@AEBV0@@Z (public: class IDmLic & __cdecl IDmLic::operator=(class IDmLic const &))
        8    ??4IDmNetClient@@QEAAAEAV0@AEBV0@@Z (public: class IDmNetClient & __cdecl IDmNetClient::operator=(class IDmNetClient const &))
        9    ??4IDmNetServer@@QEAAAEAV0@AEBV0@@Z (public: class IDmNetServer & __cdecl IDmNetServer::operator=(class IDmNetServer const &))
       10    ??_7IDmLic@@6B@ (const IDmLic::`vftable')
       11    ??_7IDmNetClient@@6B@ (const IDmNetClient::`vftable')
       12    ??_7IDmNetServer@@6B@ (const IDmNetServer::`vftable')
       13    ?GetDmLic@IDmLic@@SAPEAV1@XZ (public: static class IDmLic * __cdecl IDmLic::GetDmLic(void))
       14    ?GetDmNetClient@IDmNetClient@@SAPEAV1@XZ (public: static class IDmNetClient * __cdecl IDmNetClient::GetDmNetClient(void))
       15    ?GetDmNetServer@IDmNetServer@@SAPEAV1@XZ (public: static class IDmNetServer * __cdecl IDmNetServer::GetDmNetServer(void))
